Archive member included to satisfy reference by file (symbol)

../../STM32F10x_StdPeriph_Driver/Release/libstm32f103.a(misc.o)
                              objs/spi.o (NVIC_Init)
../../STM32F10x_StdPeriph_Driver/Release/libstm32f103.a(stm32f10x_adc.o)
                              objs/buttons.o (ADC_DeInit)
../../STM32F10x_StdPeriph_Driver/Release/libstm32f103.a(stm32f10x_dma.o)
                              objs/buttons.o (DMA_DeInit)
../../STM32F10x_StdPeriph_Driver/Release/libstm32f103.a(stm32f10x_exti.o)
                              objs/stm32_eval.o (EXTI_Init)
../../STM32F10x_StdPeriph_Driver/Release/libstm32f103.a(stm32f10x_flash.o)
                              objs/stm32_eval.o (FLASH_SetLatency)
../../STM32F10x_StdPeriph_Driver/Release/libstm32f103.a(stm32f10x_gpio.o)
                              objs/7segment.o (GPIO_Init)
../../STM32F10x_StdPeriph_Driver/Release/libstm32f103.a(stm32f10x_i2c.o)
                              objs/i2c.o (I2C_Init)
../../STM32F10x_StdPeriph_Driver/Release/libstm32f103.a(stm32f10x_rcc.o)
                              objs/stm32_eval.o (RCC_DeInit)
../../STM32F10x_StdPeriph_Driver/Release/libstm32f103.a(stm32f10x_spi.o)
                              objs/stm32_eval.o (SPI_I2S_DeInit)
../../STM32F10x_StdPeriph_Driver/Release/libstm32f103.a(stm32f10x_tim.o)
                              objs/main.o (TIM_TimeBaseInit)
../../STM32F10x_StdPeriph_Driver/Release/libstm32f103.a(stm32f10x_usart.o)
                              objs/usart.o (USART_Init)
../../Embedded_GUI_Library/Release/libstm32f103.a(graphicObject.o)
                              objs/stm32f10x_it.o (TimingDelay_Decrement)
../../Embedded_GUI_Library/Release/libstm32f103.a(images.o)
                              ../../Embedded_GUI_Library/Release/libstm32f103.a(graphicObject.o) (SlidebarCursor)
../../Embedded_GUI_Library/Release/libstm32f103.a(cursor.o)
                              ../../Embedded_GUI_Library/Release/libstm32f103.a(graphicObject.o) (Cursor)
/opt/stm32arm/bin/../lib/gcc/arm-none-eabi/6.3.1/thumb/v7-m/libgcc.a(_arm_addsubdf3.o)
                              ../../Embedded_GUI_Library/Release/libstm32f103.a(graphicObject.o) (__aeabi_dsub)
/opt/stm32arm/bin/../lib/gcc/arm-none-eabi/6.3.1/thumb/v7-m/libgcc.a(_arm_muldivdf3.o)
                              ../../Embedded_GUI_Library/Release/libstm32f103.a(graphicObject.o) (__aeabi_dmul)
/opt/stm32arm/bin/../lib/gcc/arm-none-eabi/6.3.1/thumb/v7-m/libgcc.a(_arm_cmpdf2.o)
                              ../../Embedded_GUI_Library/Release/libstm32f103.a(graphicObject.o) (__aeabi_dcmplt)
/opt/stm32arm/bin/../lib/gcc/arm-none-eabi/6.3.1/thumb/v7-m/libgcc.a(_arm_fixunsdfsi.o)
                              ../../Embedded_GUI_Library/Release/libstm32f103.a(graphicObject.o) (__aeabi_d2uiz)
/opt/stm32arm/bin/../lib/gcc/arm-none-eabi/6.3.1/../../../../arm-none-eabi/lib/thumb/v7-m/libg.a(lib_a-exit.o)
                              /opt/stm32arm/bin/../lib/gcc/arm-none-eabi/6.3.1/../../../../arm-none-eabi/lib/thumb/v7-m/crt0.o (exit)
/opt/stm32arm/bin/../lib/gcc/arm-none-eabi/6.3.1/../../../../arm-none-eabi/lib/thumb/v7-m/libg.a(lib_a-impure.o)
                              /opt/stm32arm/bin/../lib/gcc/arm-none-eabi/6.3.1/../../../../arm-none-eabi/lib/thumb/v7-m/libg.a(lib_a-exit.o) (_global_impure_ptr)
/opt/stm32arm/bin/../lib/gcc/arm-none-eabi/6.3.1/../../../../arm-none-eabi/lib/thumb/v7-m/libg.a(lib_a-init.o)
                              /opt/stm32arm/bin/../lib/gcc/arm-none-eabi/6.3.1/../../../../arm-none-eabi/lib/thumb/v7-m/crt0.o (__libc_init_array)
/opt/stm32arm/bin/../lib/gcc/arm-none-eabi/6.3.1/../../../../arm-none-eabi/lib/thumb/v7-m/libg.a(lib_a-malloc.o)
                              ../../Embedded_GUI_Library/Release/libstm32f103.a(graphicObject.o) (malloc)
/opt/stm32arm/bin/../lib/gcc/arm-none-eabi/6.3.1/../../../../arm-none-eabi/lib/thumb/v7-m/libg.a(lib_a-mallocr.o)
                              /opt/stm32arm/bin/../lib/gcc/arm-none-eabi/6.3.1/../../../../arm-none-eabi/lib/thumb/v7-m/libg.a(lib_a-malloc.o) (_malloc_r)
/opt/stm32arm/bin/../lib/gcc/arm-none-eabi/6.3.1/../../../../arm-none-eabi/lib/thumb/v7-m/libg.a(lib_a-memcpy.o)
                              ../../Embedded_GUI_Library/Release/libstm32f103.a(graphicObject.o) (memcpy)
/opt/stm32arm/bin/../lib/gcc/arm-none-eabi/6.3.1/../../../../arm-none-eabi/lib/thumb/v7-m/libg.a(lib_a-memset.o)
                              /opt/stm32arm/bin/../lib/gcc/arm-none-eabi/6.3.1/../../../../arm-none-eabi/lib/thumb/v7-m/crt0.o (memset)
/opt/stm32arm/bin/../lib/gcc/arm-none-eabi/6.3.1/../../../../arm-none-eabi/lib/thumb/v7-m/libg.a(lib_a-mlock.o)
                              /opt/stm32arm/bin/../lib/gcc/arm-none-eabi/6.3.1/../../../../arm-none-eabi/lib/thumb/v7-m/libg.a(lib_a-mallocr.o) (__malloc_lock)
/opt/stm32arm/bin/../lib/gcc/arm-none-eabi/6.3.1/../../../../arm-none-eabi/lib/thumb/v7-m/libg.a(lib_a-sbrkr.o)
[...]
Memory Configuration

Name             Origin             Length             Attributes
RAM              0x0000000020000000 0x0000000000005000 xrw
FLASH            0x0000000008000000 0x0000000000010000 xr
*default*        0x0000000000000000 0xffffffffffffffff

Linker script and memory map

LOAD /opt/stm32arm/bin/../lib/gcc/arm-none-eabi/6.3.1/thumb/v7-m/crti.o
LOAD /opt/stm32arm/bin/../lib/gcc/arm-none-eabi/6.3.1/thumb/v7-m/crtbegin.o
LOAD /opt/stm32arm/bin/../lib/gcc/arm-none-eabi/6.3.1/../../../../arm-none-eabi/lib/thumb/v7-m/crt0.o
LOAD /opt/stm32arm/bin/../lib/gcc/arm-none-eabi/6.3.1/../../../../arm-none-eabi/lib/thumb/v7-m/libm.a
LOAD objs/7segment.o
LOAD objs/outputs.o
LOAD objs/midi.o
LOAD objs/syscalls.o
LOAD objs/hw_config.o
LOAD objs/spi.o
LOAD objs/stm32f10x_it.o
LOAD objs/main.o
LOAD objs/system_stm32f10x.o
LOAD objs/eeprom.o
LOAD objs/buttons.o
LOAD objs/i2c.o
LOAD objs/usart.o
LOAD objs/core_cm3.o
LOAD objs/stm32_eval.o
LOAD objs/startup_stm32f10x_md.o
LOAD ../../STM32F10x_StdPeriph_Driver/Release/libstm32f103.a
LOAD /opt/stm32arm/arm-none-eabi/lib/thumb/libm.a
LOAD ../../Embedded_GUI_HAL/Release/libstm32f103.a
LOAD ../../Embedded_GUI_Library/Release/libstm32f103.a
START GROUP
LOAD /opt/stm32arm/bin/../lib/gcc/arm-none-eabi/6.3.1/thumb/v7-m/libgcc.a
LOAD /opt/stm32arm/bin/../lib/gcc/arm-none-eabi/6.3.1/../../../../arm-none-eabi/lib/thumb/v7-m/libg.a
LOAD /opt/stm32arm/bin/../lib/gcc/arm-none-eabi/6.3.1/../../../../arm-none-eabi/lib/thumb/v7-m/libc.a
END GROUP
LOAD /opt/stm32arm/bin/../lib/gcc/arm-none-eabi/6.3.1/thumb/v7-m/crtend.o
LOAD /opt/stm32arm/bin/../lib/gcc/arm-none-eabi/6.3.1/thumb/v7-m/crtn.o
                0x0000000000000800                __Stack_Size = 0x800
                [!provide]                        PROVIDE (_Stack_Size, __Stack_Size)
                0x0000000020004800                __Stack_Init = (_estack - __Stack_Size)
                [!provide]                        PROVIDE (_Stack_Init, __Stack_Init)
                0x0000000000000800                _Minimum_Stack_Size = 0x800
                [!provide]                        PROVIDE (Undefined_Handler, 0x0)
                [!provide]                        PROVIDE (SWI_Handler, 0x0)
                [!provide]                        PROVIDE (IRQ_Handler, 0x0)
                [!provide]                        PROVIDE (Prefetch_Handler, 0x0)
                [!provide]                        PROVIDE (Abort_Handler, 0x0)
                [!provide]                        PROVIDE (FIQ_Handler, 0x0)
                [!provide]                        PROVIDE (NMIException, 0x0)
                [!provide]                        PROVIDE (HardFaultException, 0x0)
                [!provide]                        PROVIDE (MemManageException, 0x0)
                [!provide]                        PROVIDE (BusFaultException, 0x0)
                [!provide]                        PROVIDE (UsageFaultException, 0x0)
                [!provide]                        PROVIDE (DebugMonitor, 0x0)
                [!provide]                        PROVIDE (WWDG_IRQHandler, 0x0)
                [!provide]                        PROVIDE (PVD_IRQHandler, 0x0)
                [!provide]                        PROVIDE (TAMPER_IRQHandler, 0x0)
                [!provide]                        PROVIDE (RTC_IRQHandler, 0x0)
                [!provide]                        PROVIDE (FLASH_IRQHandler, 0x0)
                [!provide]                        PROVIDE (RCC_IRQHandler, 0x0)
                [!provide]                        PROVIDE (EXTI0_IRQHandler, 0x0)
                [!provide]                        PROVIDE (EXTI1_IRQHandler, 0x0)
                [!provide]                        PROVIDE (EXTI2_IRQHandler, 0x0)
                [!provide]                        PROVIDE (EXTI3_IRQHandler, 0x0)
                [!provide]                        PROVIDE (EXTI4_IRQHandler, 0x0)
                [!provide]                        PROVIDE (DMAChannel1_IRQHandler, 0x0)
                [!provide]                        PROVIDE (DMAChannel2_IRQHandler, 0x0)
                [!provide]                        PROVIDE (DMAChannel3_IRQHandler, 0x0)
                [!provide]                        PROVIDE (DMAChannel4_IRQHandler, 0x0)
                [!provide]                        PROVIDE (DMAChannel5_IRQHandler, 0x0)
                [!provide]                        PROVIDE (DMAChannel6_IRQHandler, 0x0)
                [!provide]                        PROVIDE (DMAChannel7_IRQHandler, 0x0)
                [!provide]                        PROVIDE (ADC_IRQHandler, 0x0)
                [!provide]                        PROVIDE (USB_HP_CAN_TX_IRQHandler, 0x0)
                [!provide]                        PROVIDE (USB_LP_CAN_RX0_IRQHandler, 0x0)
                [!provide]                        PROVIDE (CAN_RX1_IRQHandler, 0x0)
                [!provide]                        PROVIDE (CAN_SCE_IRQHandler, 0x0)
                [!provide]                        PROVIDE (EXTI9_5_IRQHandler, 0x0)
                [!provide]                        PROVIDE (TIM1_BRK_IRQHandler, 0x0)
                [!provide]                        PROVIDE (TIM1_UP_IRQHandler, 0x0)
                [!provide]                        PROVIDE (TIM1_TRG_COM_IRQHandler, 0x0)
                [!provide]                        PROVIDE (TIM1_CC_IRQHandler, 0x0)
                [!provide]                        PROVIDE (TIM2_IRQHandler, 0x0)
                [!provide]                        PROVIDE (TIM3_IRQHandler, 0x0)
                [!provide]                        PROVIDE (TIM4_IRQHandler, 0x0)
                [!provide]                        PROVIDE (I2C1_EV_IRQHandler, 0x0)
                [!provide]                        PROVIDE (I2C1_ER_IRQHandler, 0x0)
                [!provide]                        PROVIDE (I2C2_EV_IRQHandler, 0x0)
                [!provide]                        PROVIDE (I2C2_ER_IRQHandler, 0x0)
                [!provide]                        PROVIDE (SPI1_IRQHandler, 0x0)
                [!provide]                        PROVIDE (SPI2_IRQHandler, 0x0)
                [!provide]                        PROVIDE (USART1_IRQHandler, 0x0)
                [!provide]                        PROVIDE (USART2_IRQHandler, 0x0)
                [!provide]                        PROVIDE (USART3_IRQHandler, 0x0)
                [!provide]                        PROVIDE (EXTI15_10_IRQHandler, 0x0)
                [!provide]                        PROVIDE (RTCAlarm_IRQHandler, 0x0)
                [!provide]                        PROVIDE (USBWakeUp_IRQHandler, 0x0)
                0x0000000042000000                PERIPH_BB_BASE = 0x42000000
                0x0000000022000000                SRAM_BB_BASE = 0x22000000
                0x0000000020000000                SRAM_BASE = 0x20000000
                0x0000000040000000                PERIPH_BASE = 0x40000000
                [!provide]                        PROVIDE (FLASH_BASE, 0x40022000)
                [!provide]                        PROVIDE (OB_BASE, 0x1ffff800)
                0x0000000040000000                APB1PERIPH_BASE = PERIPH_BASE
                0x0000000040010000                APB2PERIPH_BASE = (PERIPH_BASE + 0x10000)
                0x0000000040020000                AHBPERIPH_BASE = (PERIPH_BASE + 0x20000)
                [!provide]                        PROVIDE (TIM2, (APB1PERIPH_BASE + 0x0))
                [!provide]                        PROVIDE (TIM3, (APB1PERIPH_BASE + 0x400))
                [!provide]                        PROVIDE (TIM4, (APB1PERIPH_BASE + 0x800))
                [!provide]                        PROVIDE (RTC, (APB1PERIPH_BASE + 0x2800))
                [!provide]                        PROVIDE (WWDG, (APB1PERIPH_BASE + 0x2c00))
                [!provide]                        PROVIDE (IWDG, (APB1PERIPH_BASE + 0x3000))
                [!provide]                        PROVIDE (SPI2, (APB1PERIPH_BASE + 0x3800))
                [!provide]                        PROVIDE (USART2, (APB1PERIPH_BASE + 0x4400))
                [!provide]                        PROVIDE (USART3, (APB1PERIPH_BASE + 0x4800))
                [!provide]                        PROVIDE (I2C1, (APB1PERIPH_BASE + 0x5400))
                [!provide]                        PROVIDE (I2C2, (APB1PERIPH_BASE + 0x5800))
                [!provide]                        PROVIDE (CAN, (APB1PERIPH_BASE + 0x6400))
                [!provide]                        PROVIDE (BKP, (APB1PERIPH_BASE + 0x6c00))
                [!provide]                        PROVIDE (PWR, (APB1PERIPH_BASE + 0x7000))
                [!provide]                        PROVIDE (AFIO, (APB2PERIPH_BASE + 0x0))
                [!provide]                        PROVIDE (EXTI, (APB2PERIPH_BASE + 0x400))
                [!provide]                        PROVIDE (GPIOA, (APB2PERIPH_BASE + 0x800))
                [!provide]                        PROVIDE (GPIOB, (APB2PERIPH_BASE + 0xc00))
                [!provide]                        PROVIDE (GPIOC, (APB2PERIPH_BASE + 0x1000))
                [!provide]                        PROVIDE (GPIOD, (APB2PERIPH_BASE + 0x1400))
                [!provide]                        PROVIDE (GPIOE, (APB2PERIPH_BASE + 0x1800))
                [!provide]                        PROVIDE (ADC1, (APB2PERIPH_BASE + 0x2400))
                [!provide]                        PROVIDE (ADC2, (APB2PERIPH_BASE + 0x2800))
                [!provide]                        PROVIDE (TIM1, (APB2PERIPH_BASE + 0x2c00))
                [!provide]                        PROVIDE (SPI1, (APB2PERIPH_BASE + 0x3000))
                [!provide]                        PROVIDE (USART1, (APB2PERIPH_BASE + 0x3800))
                [!provide]                        PROVIDE (DMA, (AHBPERIPH_BASE + 0x0))
                [!provide]                        PROVIDE (DMA_Channel1, (AHBPERIPH_BASE + 0x8))
                [!provide]                        PROVIDE (DMA_Channel2, (AHBPERIPH_BASE + 0x1c))
                [!provide]                        PROVIDE (DMA_Channel3, (AHBPERIPH_BASE + 0x30))
                [!provide]                        PROVIDE (DMA_Channel4, (AHBPERIPH_BASE + 0x44))
                [!provide]                        PROVIDE (DMA_Channel5, (AHBPERIPH_BASE + 0x58))
                [!provide]                        PROVIDE (DMA_Channel6, (AHBPERIPH_BASE + 0x6c))
                [!provide]                        PROVIDE (DMA_Channel7, (AHBPERIPH_BASE + 0x80))
                [!provide]                        PROVIDE (RCC, (AHBPERIPH_BASE + 0x1000))
                0x00000000e000e000                SCS_BASE = 0xe000e000
                [!provide]                        PROVIDE (SysTick, (SCS_BASE + 0x10))
                [!provide]                        PROVIDE (NVIC, (SCS_BASE + 0x100))
                [!provide]                        PROVIDE (SCB, (SCS_BASE + 0xd00))
                0x0000000020005000                _estack = 0x20005000

.isr_vector     0x0000000008000000      0x10c
                0x0000000008000000                . = ALIGN (0x4)
 *(.isr_vector)
 .isr_vector    0x0000000008000000      0x10c objs/startup_stm32f10x_md.o
                0x0000000008000000                g_pfnVectors
                0x000000000800010c                . = ALIGN (0x4)

.text           0x000000000800010c     0x3e94
 *(.text .text.* .gnu.linkonce.t.*)
 .text          0x000000000800010c       0x6c /opt/stm32arm/bin/../lib/gcc/arm-none-eabi/6.3.1/thumb/v7-m/crtbegin.o
 .text.segmentled_hardeware_init
                0x0000000008000178       0x3c objs/7segment.o
                0x0000000008000178                segmentled_hardeware_init
 .text.segmentled_display_number
                0x00000000080001b4       0xc0 objs/7segment.o
                0x00000000080001b4                segmentled_display_number
 .text.set_moving_text
                0x0000000008000274      0x110 objs/7segment.o
                0x0000000008000274                set_moving_text
 .text.update_moving_text
                0x0000000008000384       0x9c objs/7segment.o
                0x0000000008000384                update_moving_text
 .text.stop_moving_text
                0x0000000008000420       0x20 objs/7segment.o
                0x0000000008000420                stop_moving_text
 .text.outputs_hardeware_init
                0x0000000008000440       0x6c objs/outputs.o
                0x0000000008000440                outputs_hardeware_init
 .text.set_outputs
                0x00000000080004ac       0x54 objs/outputs.o
                0x00000000080004ac                set_outputs
 .text.enable_outputs
                0x0000000008000500       0x5c objs/outputs.o
                0x0000000008000500                enable_outputs
 .text.midi_setup
                0x000000000800055c       0x34 objs/midi.o
                0x000000000800055c                midi_setup
 .text.midi_enable
                0x0000000008000590       0x18 objs/midi.o
                0x0000000008000590                midi_enable
 .text.midi_disable
                0x00000000080005a8       0x18 objs/midi.o
                0x00000000080005a8                midi_disable
 .text.midi_message_dispatcher
                0x00000000080005c0       0xb8 objs/midi.o
                0x00000000080005c0                midi_message_dispatcher
 .text._sbrk    0x0000000008000678       0x3c objs/syscalls.o
                0x0000000008000678                _sbrk
 .text.SPI2_send
                0x00000000080006b4       0xf0 objs/spi.o
                0x00000000080006b4                SPI2_send
 .text.SPI2_BusInit
                0x00000000080007a4      0x1d4 objs/spi.o
                0x00000000080007a4                SPI2_BusInit
 .text.spi_handleDMA1Ch4Interrupt
                0x0000000008000978      0x1c8 objs/spi.o
                0x0000000008000978                spi_handleDMA1Ch4Interrupt
 .text.NMI_Handler
                0x0000000008000b40        0xc objs/stm32f10x_it.o
                0x0000000008000b40                NMI_Handler
 .text.HardFault_Handler
                0x0000000008000b4c        0x6 objs/stm32f10x_it.o
                0x0000000008000b4c                HardFault_Handler
 .text.MemManage_Handler
                0x0000000008000b52        0x6 objs/stm32f10x_it.o
                0x0000000008000b52                MemManage_Handler
 .text.BusFault_Handler
                0x0000000008000b58        0x6 objs/stm32f10x_it.o
                0x0000000008000b58                BusFault_Handler
 .text.UsageFault_Handler
                0x0000000008000b5e        0x6 objs/stm32f10x_it.o
                0x0000000008000b5e                UsageFault_Handler
 .text.SVC_Handler
                0x0000000008000b64        0xc objs/stm32f10x_it.o
                0x0000000008000b64                SVC_Handler
 .text.DebugMon_Handler
                0x0000000008000b70        0xc objs/stm32f10x_it.o
                0x0000000008000b70                DebugMon_Handler
 .text.PendSV_Handler
                0x0000000008000b7c        0xc objs/stm32f10x_it.o
                0x0000000008000b7c                PendSV_Handler
 .text.SysTick_Handler
                0x0000000008000b88        0xc objs/stm32f10x_it.o
                0x0000000008000b88                SysTick_Handler
 .text.DMA1_Channel4_IRQHandler
                0x0000000008000b94       0x14 objs/stm32f10x_it.o
                0x0000000008000b94                DMA1_Channel4_IRQHandler
 .text.DMA1_Channel2_IRQHandler
                0x0000000008000ba8        0xc objs/stm32f10x_it.o
                0x0000000008000ba8                DMA1_Channel2_IRQHandler
 .text.I2C1_EV_IRQHandler
                0x0000000008000bb4        0xc objs/stm32f10x_it.o
                0x0000000008000bb4                I2C1_EV_IRQHandler
 .text.I2C1_ER_IRQHandler
                0x0000000008000bc0        0xc objs/stm32f10x_it.o
                0x0000000008000bc0                I2C1_ER_IRQHandler
 .text.I2C2_EV_IRQHandler
                0x0000000008000bcc        0xc objs/stm32f10x_it.o
                0x0000000008000bcc                I2C2_EV_IRQHandler
 .text.I2C2_ER_IRQHandler
                0x0000000008000bd8        0xc objs/stm32f10x_it.o
                0x0000000008000bd8                I2C2_ER_IRQHandler
 .text.USART2_IRQHandler
                0x0000000008000be4        0xc objs/stm32f10x_it.o
                0x0000000008000be4                USART2_IRQHandler
 .text.TIM4_IRQHandler
                0x0000000008000bf0        0xc objs/stm32f10x_it.o
                0x0000000008000bf0                TIM4_IRQHandler
 .text.main     0x0000000008000bfc      0x2dc objs/main.o
                0x0000000008000bfc                main
 .text.InitializeTimer
                0x0000000008000ed8       0x68 objs/main.o
                0x0000000008000ed8                InitializeTimer
 .text.TIM3_IRQHandler
                0x0000000008000f40       0x38 objs/main.o
                0x0000000008000f40                TIM3_IRQHandler
 .text.Input_TimerSetup
                0x0000000008000f78       0x64 objs/main.o
                0x0000000008000f78                Input_TimerSetup
 .text.Input_IRQHandler
                0x0000000008000fdc       0x48 objs/main.o
                0x0000000008000fdc                Input_IRQHandler
 .text.SystemInit
                0x0000000008001024       0x68 objs/system_stm32f10x.o
                0x0000000008001024                SystemInit
 .text.SetSysClock
                0x000000000800108c        0xc objs/system_stm32f10x.o
 .text.SetSysClockTo72
                0x0000000008001098      0x100 objs/system_stm32f10x.o
 .text.eeprom_read_defaultconfig
                0x0000000008001198       0x60 objs/eeprom.o
                0x0000000008001198                eeprom_read_defaultconfig
 .text.eeprom_read_buttonvals
                0x00000000080011f8       0xb4 objs/eeprom.o
                0x00000000080011f8                eeprom_read_buttonvals
 .text.eeprom_write_defaultconfig
                0x00000000080012ac       0x54 objs/eeprom.o
                0x00000000080012ac                eeprom_write_defaultconfig
 .text.eeprom_read_channel
                0x0000000008001300       0x40 objs/eeprom.o
                0x0000000008001300                eeprom_read_channel
 .text.eeprom_write_channel
                0x0000000008001340       0x40 objs/eeprom.o
                0x0000000008001340                eeprom_write_channel
 .text.eeprom_hardware_init
                0x0000000008001380       0x40 objs/eeprom.o
                0x0000000008001380                eeprom_hardware_init
 .text.eeprom_wrdi
                0x00000000080013c0       0x44 objs/eeprom.o
                0x00000000080013c0                eeprom_wrdi
 .text.eeprom_wren
                0x0000000008001404       0x44 objs/eeprom.o
                0x0000000008001404                eeprom_wren
 .text.eeprom_rdsr
                0x0000000008001448       0x4c objs/eeprom.o
                0x0000000008001448                eeprom_rdsr
 .text.eeprom_read
                0x0000000008001494       0x88 objs/eeprom.o
                0x0000000008001494                eeprom_read
 .text.eeprom_write
                0x000000000800151c       0xcc objs/eeprom.o
                0x000000000800151c                eeprom_write
 .text.update_buttons
                0x00000000080015e8      0x27c objs/buttons.o
                0x00000000080015e8                update_buttons
 .text.button_dispatcher
                0x0000000008001864      0x250 objs/buttons.o
                0x0000000008001864                button_dispatcher
 .text.pushbuttoninit
                0x0000000008001ab4      0x1d0 objs/buttons.o
                0x0000000008001ab4                pushbuttoninit
 .text.NVIC_EnableIRQ
                0x0000000008001c84       0x30 objs/i2c.o
 .text.NVIC_SetPriority
                0x0000000008001cb4       0x54 objs/i2c.o
 .text.I2C_NVIC_Configuration
                0x0000000008001d08       0x40 objs/i2c.o
                0x0000000008001d08                I2C_NVIC_Configuration
 .text.I2C_LowLevel_Init
                0x0000000008001d48      0x170 objs/i2c.o
                0x0000000008001d48                I2C_LowLevel_Init
 .text.I2C1_Event_IRQHandler
                0x0000000008001eb8      0x28c objs/i2c.o
                0x0000000008001eb8                I2C1_Event_IRQHandler
 .text.I2C2_Event_IRQHandler
                0x0000000008002144      0x28c objs/i2c.o
                0x0000000008002144                I2C2_Event_IRQHandler
 .text.I2C2_Error_IRQHandler
                0x00000000080023d0      0x168 objs/i2c.o
                0x00000000080023d0                I2C2_Error_IRQHandler
 .text.I2C1_Error_IRQHandler
                0x0000000008002538      0x168 objs/i2c.o
                0x0000000008002538                I2C1_Error_IRQHandler
 .text.NVIC_EnableIRQ
                0x00000000080026a0       0x30 objs/usart.o
 .text.USART_2_Configuration
                0x00000000080026d0       0xbc objs/usart.o
                0x00000000080026d0                USART_2_Configuration
 .text.USART2_InterruptHandler
                0x000000000800278c      0x194 objs/usart.o
                0x000000000800278c                USART2_InterruptHandler
 .text.__REV16  0x0000000008002920       0x20 objs/core_cm3.o
                0x0000000008002920                __REV16
 .text.NVIC_SetPriority
                0x0000000008002940       0x54 objs/stm32_eval.o
 .text.SysTick_Config
                0x0000000008002994       0x44 objs/stm32_eval.o
 .text.NVIC_Configuration
                0x00000000080029d8       0x1c objs/stm32_eval.o
                0x00000000080029d8                NVIC_Configuration
 .text.RCC_Configuration
                0x00000000080029f4       0xa0 objs/stm32_eval.o
                0x00000000080029f4                RCC_Configuration
 .text.Reset_Handler
                0x0000000008002a94       0x48 objs/startup_stm32f10x_md.o
                0x0000000008002a94                Reset_Handler
 .text.Default_Handler
                0x0000000008002adc        0x2 objs/startup_stm32f10x_md.o
                0x0000000008002adc                EXTI2_IRQHandler
                0x0000000008002adc                TIM1_CC_IRQHandler
                0x0000000008002adc                PVD_IRQHandler
                0x0000000008002adc                EXTI3_IRQHandler
                0x0000000008002adc                EXTI0_IRQHandler
                0x0000000008002adc                ADC1_2_IRQHandler
                0x0000000008002adc                SPI1_IRQHandler
                0x0000000008002adc                TAMPER_IRQHandler
                0x0000000008002adc                USART3_IRQHandler
                0x0000000008002adc                RTC_IRQHandler
                0x0000000008002adc                DMA1_Channel7_IRQHandler
                0x0000000008002adc                CAN1_RX1_IRQHandler
                0x0000000008002adc                DMA1_Channel6_IRQHandler
                0x0000000008002adc                RCC_IRQHandler
                0x0000000008002adc                TIM1_TRG_COM_IRQHandler
                0x0000000008002adc                DMA1_Channel1_IRQHandler
                0x0000000008002adc                Default_Handler
                0x0000000008002adc                EXTI15_10_IRQHandler
                0x0000000008002adc                EXTI9_5_IRQHandler
                0x0000000008002adc                SPI2_IRQHandler
                0x0000000008002adc                DMA1_Channel5_IRQHandler
                0x0000000008002adc                EXTI4_IRQHandler
                0x0000000008002adc                USB_LP_CAN1_RX0_IRQHandler
                0x0000000008002adc                USB_HP_CAN1_TX_IRQHandler
                0x0000000008002adc                DMA1_Channel3_IRQHandler
                0x0000000008002adc                TIM1_UP_IRQHandler
                0x0000000008002adc                WWDG_IRQHandler
                0x0000000008002adc                TIM2_IRQHandler
                0x0000000008002adc                TIM1_BRK_IRQHandler
                0x0000000008002adc                EXTI1_IRQHandler
                0x0000000008002adc                RTCAlarm_IRQHandler
                0x0000000008002adc                CAN1_SCE_IRQHandler
                0x0000000008002adc                FLASH_IRQHandler
                0x0000000008002adc                USART1_IRQHandler
                0x0000000008002adc                USBWakeUp_IRQHandler
 *fill*         0x0000000008002ade        0x2 
 .text.NVIC_Init
                0x0000000008002ae0       0x68 ../../STM32F10x_StdPeriph_Driver/Release/libstm32f103.a(misc.o)
                0x0000000008002ae0                NVIC_Init
 .text.NVIC_SetVectorTable
                0x0000000008002b48       0x14 ../../STM32F10x_StdPeriph_Driver/Release/libstm32f103.a(misc.o)
                0x0000000008002b48                NVIC_SetVectorTable
 .text.ADC_DeInit
                0x0000000008002b5c       0x5c ../../STM32F10x_StdPeriph_Driver/Release/libstm32f103.a(stm32f10x_adc.o)
                0x0000000008002b5c                ADC_DeInit
 .text.ADC_Init
                0x0000000008002bb8       0x48 ../../STM32F10x_StdPeriph_Driver/Release/libstm32f103.a(stm32f10x_adc.o)
                0x0000000008002bb8                ADC_Init
 .text.ADC_Cmd  0x0000000008002c00       0x12 ../../STM32F10x_StdPeriph_Driver/Release/libstm32f103.a(stm32f10x_adc.o)
                0x0000000008002c00                ADC_Cmd
 .text.ADC_DMACmd
                0x0000000008002c12       0x12 ../../STM32F10x_StdPeriph_Driver/Release/libstm32f103.a(stm32f10x_adc.o)
                0x0000000008002c12                ADC_DMACmd
 .text.ADC_ResetCalibration
                0x0000000008002c24        0xa ../../STM32F10x_StdPeriph_Driver/Release/libstm32f103.a(stm32f10x_adc.o)
                0x0000000008002c24                ADC_ResetCalibration
 .text.ADC_GetResetCalibrationStatus
                0x0000000008002c2e        0x8 ../../STM32F10x_StdPeriph_Driver/Release/libstm32f103.a(stm32f10x_adc.o)
                0x0000000008002c2e                ADC_GetResetCalibrationStatus
 .text.ADC_StartCalibration
                0x0000000008002c36        0xa ../../STM32F10x_StdPeriph_Driver/Release/libstm32f103.a(stm32f10x_adc.o)
                0x0000000008002c36                ADC_StartCalibration
 .text.ADC_GetCalibrationStatus
                0x0000000008002c40        0x8 ../../STM32F10x_StdPeriph_Driver/Release/libstm32f103.a(stm32f10x_adc.o)
                0x0000000008002c40                ADC_GetCalibrationStatus
 .text.ADC_SoftwareStartConvCmd
                0x0000000008002c48       0x12 ../../STM32F10x_StdPeriph_Driver/Release/libstm32f103.a(stm32f10x_adc.o)
                0x0000000008002c48                ADC_SoftwareStartConvCmd
 .text.ADC_RegularChannelConfig
                0x0000000008002c5a       0x90 ../../STM32F10x_StdPeriph_Driver/Release/libstm32f103.a(stm32f10x_adc.o)
                0x0000000008002c5a                ADC_RegularChannelConfig
 *fill*         0x0000000008002cea        0x2 
 .text.DMA_DeInit
                0x0000000008002cec       0xf0 ../../STM32F10x_StdPeriph_Driver/Release/libstm32f103.a(stm32f10x_dma.o)
                0x0000000008002cec                DMA_DeInit
 .text.DMA_Init
                0x0000000008002ddc       0x3e ../../STM32F10x_StdPeriph_Driver/Release/libstm32f103.a(stm32f10x_dma.o)
                0x0000000008002ddc                DMA_Init
 .text.DMA_Cmd  0x0000000008002e1a       0x16 ../../STM32F10x_StdPeriph_Driver/Release/libstm32f103.a(stm32f10x_dma.o)
                0x0000000008002e1a                DMA_Cmd
 .text.DMA_ITConfig
                0x0000000008002e30       0x10 ../../STM32F10x_StdPeriph_Driver/Release/libstm32f103.a(stm32f10x_dma.o)
                0x0000000008002e30                DMA_ITConfig
 .text.DMA_SetCurrDataCounter
                0x0000000008002e40        0x4 ../../STM32F10x_StdPeriph_Driver/Release/libstm32f103.a(stm32f10x_dma.o)
                0x0000000008002e40                DMA_SetCurrDataCounter
 .text.DMA_GetFlagStatus
                0x0000000008002e44       0x1c ../../STM32F10x_StdPeriph_Driver/Release/libstm32f103.a(stm32f10x_dma.o)
                0x0000000008002e44                DMA_GetFlagStatus
 .text.DMA_ClearFlag
                0x0000000008002e60       0x14 ../../STM32F10x_StdPeriph_Driver/Release/libstm32f103.a(stm32f10x_dma.o)
                0x0000000008002e60                DMA_ClearFlag
 .text.DMA_GetITStatus
                0x0000000008002e74       0x1c ../../STM32F10x_StdPeriph_Driver/Release/libstm32f103.a(stm32f10x_dma.o)
                0x0000000008002e74                DMA_GetITStatus
 .text.DMA_ClearITPendingBit
                0x0000000008002e90       0x14 ../../STM32F10x_StdPeriph_Driver/Release/libstm32f103.a(stm32f10x_dma.o)
                0x0000000008002e90                DMA_ClearITPendingBit
 .text.FLASH_SetLatency
                0x0000000008002ea4       0x14 ../../STM32F10x_StdPeriph_Driver/Release/libstm32f103.a(stm32f10x_flash.o)
                0x0000000008002ea4                FLASH_SetLatency
 .text.FLASH_PrefetchBufferCmd
                0x0000000008002eb8       0x18 ../../STM32F10x_StdPeriph_Driver/Release/libstm32f103.a(stm32f10x_flash.o)
                0x0000000008002eb8                FLASH_PrefetchBufferCmd
 .text.GPIO_Init
                0x0000000008002ed0       0xa0 ../../STM32F10x_StdPeriph_Driver/Release/libstm32f103.a(stm32f10x_gpio.o)
                0x0000000008002ed0                GPIO_Init
 .text.GPIO_SetBits
                0x0000000008002f70        0x4 ../../STM32F10x_StdPeriph_Driver/Release/libstm32f103.a(stm32f10x_gpio.o)
                0x0000000008002f70                GPIO_SetBits
 .text.GPIO_ResetBits
                0x0000000008002f74        0x4 ../../STM32F10x_StdPeriph_Driver/Release/libstm32f103.a(stm32f10x_gpio.o)
                0x0000000008002f74                GPIO_ResetBits
 .text.GPIO_WriteBit
                0x0000000008002f78        0xa ../../STM32F10x_StdPeriph_Driver/Release/libstm32f103.a(stm32f10x_gpio.o)
                0x0000000008002f78                GPIO_WriteBit
 *fill*         0x0000000008002f82        0x2 
 .text.I2C_Init
                0x0000000008002f84       0xd4 ../../STM32F10x_StdPeriph_Driver/Release/libstm32f103.a(stm32f10x_i2c.o)
                0x0000000008002f84                I2C_Init
 .text.I2C_Cmd  0x0000000008003058       0x18 ../../STM32F10x_StdPeriph_Driver/Release/libstm32f103.a(stm32f10x_i2c.o)
                0x0000000008003058                I2C_Cmd
 .text.RCC_DeInit
                0x0000000008003070       0x40 ../../STM32F10x_StdPeriph_Driver/Release/libstm32f103.a(stm32f10x_rcc.o)
                0x0000000008003070                RCC_DeInit
 .text.RCC_HSEConfig
                0x00000000080030b0       0x38 ../../STM32F10x_StdPeriph_Driver/Release/libstm32f103.a(stm32f10x_rcc.o)
                0x00000000080030b0                RCC_HSEConfig
 .text.RCC_PLLConfig
                0x00000000080030e8       0x14 ../../STM32F10x_StdPeriph_Driver/Release/libstm32f103.a(stm32f10x_rcc.o)
                0x00000000080030e8                RCC_PLLConfig
 .text.RCC_PLLCmd
                0x00000000080030fc        0xc ../../STM32F10x_StdPeriph_Driver/Release/libstm32f103.a(stm32f10x_rcc.o)
                0x00000000080030fc                RCC_PLLCmd
 .text.RCC_SYSCLKConfig
                0x0000000008003108       0x14 ../../STM32F10x_StdPeriph_Driver/Release/libstm32f103.a(stm32f10x_rcc.o)
                0x0000000008003108                RCC_SYSCLKConfig
 .text.RCC_GetSYSCLKSource
                0x000000000800311c       0x10 ../../STM32F10x_StdPeriph_Driver/Release/libstm32f103.a(stm32f10x_rcc.o)
                0x000000000800311c                RCC_GetSYSCLKSource
 .text.RCC_HCLKConfig
                0x000000000800312c       0x14 ../../STM32F10x_StdPeriph_Driver/Release/libstm32f103.a(stm32f10x_rcc.o)
                0x000000000800312c                RCC_HCLKConfig
 .text.RCC_PCLK1Config
                0x0000000008003140       0x14 ../../STM32F10x_StdPeriph_Driver/Release/libstm32f103.a(stm32f10x_rcc.o)
                0x0000000008003140                RCC_PCLK1Config
 .text.RCC_PCLK2Config
                0x0000000008003154       0x14 ../../STM32F10x_StdPeriph_Driver/Release/libstm32f103.a(stm32f10x_rcc.o)
                0x0000000008003154                RCC_PCLK2Config
 .text.RCC_ADCCLKConfig
                0x0000000008003168       0x14 ../../STM32F10x_StdPeriph_Driver/Release/libstm32f103.a(stm32f10x_rcc.o)
                0x0000000008003168                RCC_ADCCLKConfig
 .text.RCC_GetClocksFreq
                0x000000000800317c       0x8c ../../STM32F10x_StdPeriph_Driver/Release/libstm32f103.a(stm32f10x_rcc.o)
                0x000000000800317c                RCC_GetClocksFreq
 .text.RCC_AHBPeriphClockCmd
                0x0000000008003208       0x18 ../../STM32F10x_StdPeriph_Driver/Release/libstm32f103.a(stm32f10x_rcc.o)
                0x0000000008003208                RCC_AHBPeriphClockCmd
 .text.RCC_APB2PeriphClockCmd
                0x0000000008003220       0x18 ../../STM32F10x_StdPeriph_Driver/Release/libstm32f103.a(stm32f10x_rcc.o)
                0x0000000008003220                RCC_APB2PeriphClockCmd
 .text.RCC_APB1PeriphClockCmd
                0x0000000008003238       0x18 ../../STM32F10x_StdPeriph_Driver/Release/libstm32f103.a(stm32f10x_rcc.o)
                0x0000000008003238                RCC_APB1PeriphClockCmd
 .text.RCC_APB2PeriphResetCmd
                0x0000000008003250       0x18 ../../STM32F10x_StdPeriph_Driver/Release/libstm32f103.a(stm32f10x_rcc.o)
                0x0000000008003250                RCC_APB2PeriphResetCmd
 .text.RCC_APB1PeriphResetCmd
                0x0000000008003268       0x18 ../../STM32F10x_StdPeriph_Driver/Release/libstm32f103.a(stm32f10x_rcc.o)
                0x0000000008003268                RCC_APB1PeriphResetCmd
 .text.RCC_GetFlagStatus
                0x0000000008003280       0x28 ../../STM32F10x_StdPeriph_Driver/Release/libstm32f103.a(stm32f10x_rcc.o)
                0x0000000008003280                RCC_GetFlagStatus
 .text.RCC_WaitForHSEStartUp
                0x00000000080032a8       0x30 ../../STM32F10x_StdPeriph_Driver/Release/libstm32f103.a(stm32f10x_rcc.o)
                0x00000000080032a8                RCC_WaitForHSEStartUp
 .text.SPI_Init
                0x00000000080032d8       0x3e ../../STM32F10x_StdPeriph_Driver/Release/libstm32f103.a(stm32f10x_spi.o)
                0x00000000080032d8                SPI_Init
 .text.SPI_Cmd  0x0000000008003316       0x18 ../../STM32F10x_StdPeriph_Driver/Release/libstm32f103.a(stm32f10x_spi.o)
                0x0000000008003316                SPI_Cmd
 .text.SPI_I2S_DMACmd
                0x000000000800332e       0x12 ../../STM32F10x_StdPeriph_Driver/Release/libstm32f103.a(stm32f10x_spi.o)
                0x000000000800332e                SPI_I2S_DMACmd
 .text.SPI_I2S_GetFlagStatus
                0x0000000008003340        0xc ../../STM32F10x_StdPeriph_Driver/Release/libstm32f103.a(stm32f10x_spi.o)
                0x0000000008003340                SPI_I2S_GetFlagStatus
 .text.TIM_TimeBaseInit
                0x000000000800334c       0x94 ../../STM32F10x_StdPeriph_Driver/Release/libstm32f103.a(stm32f10x_tim.o)
                0x000000000800334c                TIM_TimeBaseInit
 .text.TIM_Cmd  0x00000000080033e0       0x18 ../../STM32F10x_StdPeriph_Driver/Release/libstm32f103.a(stm32f10x_tim.o)
                0x00000000080033e0                TIM_Cmd
 .text.TIM_ITConfig
                0x00000000080033f8       0x12 ../../STM32F10x_StdPeriph_Driver/Release/libstm32f103.a(stm32f10x_tim.o)
                0x00000000080033f8                TIM_ITConfig
 .text.TIM_GetITStatus
                0x000000000800340a       0x16 ../../STM32F10x_StdPeriph_Driver/Release/libstm32f103.a(stm32f10x_tim.o)
                0x000000000800340a                TIM_GetITStatus
 .text.TIM_ClearITPendingBit
                0x0000000008003420        0x8 ../../STM32F10x_StdPeriph_Driver/Release/libstm32f103.a(stm32f10x_tim.o)
                0x0000000008003420                TIM_ClearITPendingBit
 .text.USART_Init
                0x0000000008003428       0xac ../../STM32F10x_StdPeriph_Driver/Release/libstm32f103.a(stm32f10x_usart.o)
                0x0000000008003428                USART_Init
 .text.USART_Cmd
                0x00000000080034d4       0x18 ../../STM32F10x_StdPeriph_Driver/Release/libstm32f103.a(stm32f10x_usart.o)
                0x00000000080034d4                USART_Cmd
 .text.USART_ITConfig
                0x00000000080034ec       0x30 ../../STM32F10x_StdPeriph_Driver/Release/libstm32f103.a(stm32f10x_usart.o)
                0x00000000080034ec                USART_ITConfig
 .text.USART_ReceiveData
                0x000000000800351c        0x8 ../../STM32F10x_StdPeriph_Driver/Release/libstm32f103.a(stm32f10x_usart.o)
                0x000000000800351c                USART_ReceiveData
 .text.USART_GetITStatus
                0x0000000008003524       0x40 ../../STM32F10x_StdPeriph_Driver/Release/libstm32f103.a(stm32f10x_usart.o)
                0x0000000008003524                USART_GetITStatus
 .text.USART_ClearITPendingBit
                0x0000000008003564        0xe ../../STM32F10x_StdPeriph_Driver/Release/libstm32f103.a(stm32f10x_usart.o)
                0x0000000008003564                USART_ClearITPendingBit
 *fill*         0x0000000008003572        0x2 
 .text.TimingDelay_Decrement
                0x0000000008003574       0x14 ../../Embedded_GUI_Library/Release/libstm32f103.a(graphicObject.o)
                0x0000000008003574                TimingDelay_Decrement
 .text.__libc_init_array
                0x0000000008003588       0x50 /opt/stm32arm/bin/../lib/gcc/arm-none-eabi/6.3.1/../../../../arm-none-eabi/lib/thumb/v7-m/libg.a(lib_a-init.o)
                0x0000000008003588                __libc_init_array
 .text.malloc   0x00000000080035d8       0x10 /opt/stm32arm/bin/../lib/gcc/arm-none-eabi/6.3.1/../../../../arm-none-eabi/lib/thumb/v7-m/libg.a(lib_a-malloc.o)
                0x00000000080035d8                malloc
 .text._malloc_r
                0x00000000080035e8      0x544 /opt/stm32arm/bin/../lib/gcc/arm-none-eabi/6.3.1/../../../../arm-none-eabi/lib/thumb/v7-m/libg.a(lib_a-mallocr.o)
                0x00000000080035e8                _malloc_r
 .text.__malloc_lock
                0x0000000008003b2c        0xc /opt/stm32arm/bin/../lib/gcc/arm-none-eabi/6.3.1/../../../../arm-none-eabi/lib/thumb/v7-m/libg.a(lib_a-mlock.o)
                0x0000000008003b2c                __malloc_lock
 .text.__malloc_unlock
                0x0000000008003b38        0xc /opt/stm32arm/bin/../lib/gcc/arm-none-eabi/6.3.1/../../../../arm-none-eabi/lib/thumb/v7-m/libg.a(lib_a-mlock.o)
                0x0000000008003b38                __malloc_unlock
 .text._sbrk_r  0x0000000008003b44       0x24 /opt/stm32arm/bin/../lib/gcc/arm-none-eabi/6.3.1/../../../../arm-none-eabi/lib/thumb/v7-m/libg.a(lib_a-sbrkr.o)
                0x0000000008003b44                _sbrk_r
 .text.startup.register_fini
                0x0000000008003b68       0x14 /opt/stm32arm/bin/../lib/gcc/arm-none-eabi/6.3.1/../../../../arm-none-eabi/lib/thumb/v7-m/libg.a(lib_a-__call_atexit.o)
 .text.atexit   0x0000000008003b7c        0xc /opt/stm32arm/bin/../lib/gcc/arm-none-eabi/6.3.1/../../../../arm-none-eabi/lib/thumb/v7-m/libg.a(lib_a-atexit.o)
                0x0000000008003b7c                atexit
 .text.__libc_fini_array
                0x0000000008003b88       0x34 /opt/stm32arm/bin/../lib/gcc/arm-none-eabi/6.3.1/../../../../arm-none-eabi/lib/thumb/v7-m/libg.a(lib_a-fini.o)
                0x0000000008003b88                __libc_fini_array
 .text._malloc_trim_r
                0x0000000008003bbc       0xa0 /opt/stm32arm/bin/../lib/gcc/arm-none-eabi/6.3.1/../../../../arm-none-eabi/lib/thumb/v7-m/libg.a(lib_a-freer.o)
                0x0000000008003bbc                _malloc_trim_r
 .text._free_r  0x0000000008003c5c      0x1cc /opt/stm32arm/bin/../lib/gcc/arm-none-eabi/6.3.1/../../../../arm-none-eabi/lib/thumb/v7-m/libg.a(lib_a-freer.o)
                0x0000000008003c5c                _free_r
 .text.__retarget_lock_acquire_recursive
                0x0000000008003e28        0x4 /opt/stm32arm/bin/../lib/gcc/arm-none-eabi/6.3.1/../../../../arm-none-eabi/lib/thumb/v7-m/libg.a(lib_a-lock.o)
                0x0000000008003e28                __retarget_lock_acquire_recursive
 .text.__retarget_lock_release_recursive
                0x0000000008003e2c        0x4 /opt/stm32arm/bin/../lib/gcc/arm-none-eabi/6.3.1/../../../../arm-none-eabi/lib/thumb/v7-m/libg.a(lib_a-lock.o)
                0x0000000008003e2c                __retarget_lock_release_recursive
 .text.__register_exitproc
                0x0000000008003e30       0xc4 /opt/stm32arm/bin/../lib/gcc/arm-none-eabi/6.3.1/../../../../arm-none-eabi/lib/thumb/v7-m/libg.a(lib_a-__atexit.o)
                0x0000000008003e30                __register_exitproc
 *(.rodata .rodata.* .gnu.linkonce.r.*)
 .rodata.characters
                0x0000000008003ef4       0x80 objs/7segment.o
                0x0000000008003ef4                characters
 .rodata._global_impure_ptr
                0x0000000008003f74        0x4 /opt/stm32arm/bin/../lib/gcc/arm-none-eabi/6.3.1/../../../../arm-none-eabi/lib/thumb/v7-m/libg.a(lib_a-impure.o)
                0x0000000008003f74                _global_impure_ptr
 *(.eh_frame_hdr)
 *(.eh_frame)
 .eh_frame      0x0000000008003f78        0x0 /opt/stm32arm/bin/../lib/gcc/arm-none-eabi/6.3.1/thumb/v7-m/crtbegin.o
 *(.gcc_except_table)
 *(.eh_frame_hdr)
 *(.eh_frame)
                0x0000000008003f78                . = ALIGN (0x4)
 *(.init)
 .init          0x0000000008003f78        0x4 /opt/stm32arm/bin/../lib/gcc/arm-none-eabi/6.3.1/thumb/v7-m/crti.o
                0x0000000008003f78                _init
 .init          0x0000000008003f7c        0x8 /opt/stm32arm/bin/../lib/gcc/arm-none-eabi/6.3.1/thumb/v7-m/crtn.o
                0x0000000008003f84                . = ALIGN (0x4)
                0x0000000008003f84                __preinit_array_start = .
 *(.preinit_array)
                0x0000000008003f84                __preinit_array_end = .
                0x0000000008003f84                . = ALIGN (0x4)
                0x0000000008003f84                __init_array_start = .
 *(SORT(.init_array.*))
 .init_array.00000
                0x0000000008003f84        0x4 /opt/stm32arm/bin/../lib/gcc/arm-none-eabi/6.3.1/../../../../arm-none-eabi/lib/thumb/v7-m/libg.a(lib_a-__call_atexit.o)
 *(.init_array)
 .init_array    0x0000000008003f88        0x4 /opt/stm32arm/bin/../lib/gcc/arm-none-eabi/6.3.1/thumb/v7-m/crtbegin.o
                0x0000000008003f8c                __init_array_end = .
                0x0000000008003f8c                . = ALIGN (0x4)
 *crtbegin.o(.ctors)
 *(EXCLUDE_FILE(*crtend.o) .ctors)
 *(SORT(.ctors.*))
 *crtend.o(.ctors)
                0x0000000008003f8c                . = ALIGN (0x4)
 *(.fini)
 .fini          0x0000000008003f8c        0x4 /opt/stm32arm/bin/../lib/gcc/arm-none-eabi/6.3.1/thumb/v7-m/crti.o
                0x0000000008003f8c                _fini
 .fini          0x0000000008003f90        0x8 /opt/stm32arm/bin/../lib/gcc/arm-none-eabi/6.3.1/thumb/v7-m/crtn.o
                0x0000000008003f98                . = ALIGN (0x4)
                0x0000000008003f98                __fini_array_start = .
 *(.fini_array)
 .fini_array    0x0000000008003f98        0x4 /opt/stm32arm/bin/../lib/gcc/arm-none-eabi/6.3.1/thumb/v7-m/crtbegin.o
 *(SORT(.fini_array.*))
                0x0000000008003f9c                __fini_array_end = .
 *crtbegin.o(.dtors)
 *(EXCLUDE_FILE(*crtend.o) .dtors)
 *(SORT(.dtors.*))
 *crtend.o(.dtors)
                0x0000000008003fa0                . = ALIGN (0x8)
 *fill*         0x0000000008003f9c        0x4 
                0x0000000008003fa0                _etext = .
                0x0000000008003fa0                _sidata = _etext
                0x0000000008003fa0                __exidx_start = .

.glue_7         0x0000000008003fa0        0x0
 .glue_7        0x0000000008003fa0        0x0 linker stubs

.glue_7t        0x0000000008003fa0        0x0
 .glue_7t       0x0000000008003fa0        0x0 linker stubs

.vfp11_veneer   0x0000000008003fa0        0x0
 .vfp11_veneer  0x0000000008003fa0        0x0 linker stubs

.v4_bx          0x0000000008003fa0        0x0
 .v4_bx         0x0000000008003fa0        0x0 linker stubs

.iplt           0x0000000008003fa0        0x0
 .iplt          0x0000000008003fa0        0x0 /opt/stm32arm/bin/../lib/gcc/arm-none-eabi/6.3.1/thumb/v7-m/crtbegin.o

.rel.dyn        0x0000000008003fa0        0x0
 .rel.iplt      0x0000000008003fa0        0x0 /opt/stm32arm/bin/../lib/gcc/arm-none-eabi/6.3.1/thumb/v7-m/crtbegin.o

.ARM.exidx
 *(.ARM.exidx* .gnu.linkonce.armexidx.*)
                0x0000000008003fa0                __exidx_end = .

.data           0x0000000020000000      0x854 load address 0x0000000008003fa0
                0x0000000008003fa0                _flash_data = LOADADDR (.data)
                0x0000000020000000                _data = .
                0x0000000020000000                _sdata = .
 *(vtable)
 *(.data .data.* .gnu.linkonce.d.*)
 .data.ADCPrescTable
                0x0000000020000000        0x4 ../../STM32F10x_StdPeriph_Driver/Release/libstm32f103.a(stm32f10x_rcc.o)
 .data.APBAHBPrescTable
                0x0000000020000004       0x10 ../../STM32F10x_StdPeriph_Driver/Release/libstm32f103.a(stm32f10x_rcc.o)
 .data._impure_ptr
                0x0000000020000014        0x4 /opt/stm32arm/bin/../lib/gcc/arm-none-eabi/6.3.1/../../../../arm-none-eabi/lib/thumb/v7-m/libg.a(lib_a-impure.o)
                0x0000000020000014                _impure_ptr
 .data.impure_data
                0x0000000020000018      0x428 /opt/stm32arm/bin/../lib/gcc/arm-none-eabi/6.3.1/../../../../arm-none-eabi/lib/thumb/v7-m/libg.a(lib_a-impure.o)
 .data.__malloc_av_
                0x0000000020000440      0x408 /opt/stm32arm/bin/../lib/gcc/arm-none-eabi/6.3.1/../../../../arm-none-eabi/lib/thumb/v7-m/libg.a(lib_a-mallocr.o)
                0x0000000020000440                __malloc_av_
 .data.__malloc_sbrk_base
                0x0000000020000848        0x4 /opt/stm32arm/bin/../lib/gcc/arm-none-eabi/6.3.1/../../../../arm-none-eabi/lib/thumb/v7-m/libg.a(lib_a-mallocr.o)
                0x0000000020000848                __malloc_sbrk_base
 .data.__malloc_trim_threshold
                0x000000002000084c        0x4 /opt/stm32arm/bin/../lib/gcc/arm-none-eabi/6.3.1/../../../../arm-none-eabi/lib/thumb/v7-m/libg.a(lib_a-mallocr.o)
                0x000000002000084c                __malloc_trim_threshold
 .data.__atexit_recursive_mutex
                0x0000000020000850        0x4 /opt/stm32arm/bin/../lib/gcc/arm-none-eabi/6.3.1/../../../../arm-none-eabi/lib/thumb/v7-m/libg.a(lib_a-__call_atexit.o)
                0x0000000020000850                __atexit_recursive_mutex
                0x0000000020000854                _edata = .

.jcr            0x0000000020000854        0x0 load address 0x00000000080047f4
 .jcr           0x0000000020000854        0x0 /opt/stm32arm/bin/../lib/gcc/arm-none-eabi/6.3.1/thumb/v7-m/crtbegin.o

.igot.plt       0x0000000020000854        0x0 load address 0x00000000080047f4
 .igot.plt      0x0000000020000854        0x0 /opt/stm32arm/bin/../lib/gcc/arm-none-eabi/6.3.1/thumb/v7-m/crtbegin.o

.bss            0x0000000020000854      0x338 load address 0x00000000080047f4
                0x0000000020000854                _bss = .
                0x0000000020000854                _sbss = .
 *(.bss .bss.* .gnu.linkonce.b.*)
 .bss           0x0000000020000854       0x1c /opt/stm32arm/bin/../lib/gcc/arm-none-eabi/6.3.1/thumb/v7-m/crtbegin.o
 .bss.data.7022
                0x0000000020000870        0x2 objs/7segment.o
 .bss.data.7021
                0x0000000020000872        0x2 objs/outputs.o
 .bss.heap.3803
                0x0000000020000874        0x4 objs/syscalls.o
 .bss.buttontrigger.7048
                0x0000000020000878        0x4 objs/buttons.o
 .bss.mode.7058
                0x000000002000087c        0x1 objs/buttons.o
 *fill*         0x000000002000087d        0x3 
 .bss.text.7059
                0x0000000020000880       0x14 objs/buttons.o
 .bss.Tx_Idx1   0x0000000020000894        0x1 objs/i2c.o
                0x0000000020000894                Tx_Idx1
 .bss.Rx_Idx1   0x0000000020000895        0x1 objs/i2c.o
                0x0000000020000895                Rx_Idx1
 .bss.Tx_Idx2   0x0000000020000896        0x1 objs/i2c.o
                0x0000000020000896                Tx_Idx2
 .bss.Rx_Idx2   0x0000000020000897        0x1 objs/i2c.o
                0x0000000020000897                Rx_Idx2
 .bss.rx_index.7012
                0x0000000020000898        0x1 objs/usart.o
 *fill*         0x0000000020000899        0x3 
 .bss.TimingDelay
                0x000000002000089c        0x4 ../../Embedded_GUI_Library/Release/libstm32f103.a(graphicObject.o)
 .bss.__malloc_current_mallinfo
                0x00000000200008a0       0x28 /opt/stm32arm/bin/../lib/gcc/arm-none-eabi/6.3.1/../../../../arm-none-eabi/lib/thumb/v7-m/libg.a(lib_a-mallocr.o)
                0x00000000200008a0                __malloc_current_mallinfo
 .bss.__malloc_max_sbrked_mem
                0x00000000200008c8        0x4 /opt/stm32arm/bin/../lib/gcc/arm-none-eabi/6.3.1/../../../../arm-none-eabi/lib/thumb/v7-m/libg.a(lib_a-mallocr.o)
                0x00000000200008c8                __malloc_max_sbrked_mem
 .bss.__malloc_max_total_mem
                0x00000000200008cc        0x4 /opt/stm32arm/bin/../lib/gcc/arm-none-eabi/6.3.1/../../../../arm-none-eabi/lib/thumb/v7-m/libg.a(lib_a-mallocr.o)
                0x00000000200008cc                __malloc_max_total_mem
 .bss.__malloc_top_pad
                0x00000000200008d0        0x4 /opt/stm32arm/bin/../lib/gcc/arm-none-eabi/6.3.1/../../../../arm-none-eabi/lib/thumb/v7-m/libg.a(lib_a-mallocr.o)
                0x00000000200008d0                __malloc_top_pad
 *(COMMON)
 COMMON         0x00000000200008d4        0x9 objs/7segment.o
                0x00000000200008d4                textlength
                0x00000000200008d8                textdata
                0x00000000200008dc                text_index
 COMMON         0x00000000200008dd        0x2 objs/midi.o
                0x00000000200008dd                midiccvalue
                0x00000000200008de                midichannel
 COMMON         0x00000000200008df        0x1 objs/spi.o
                0x00000000200008df                SPI2_BLOCK
 COMMON         0x00000000200008e0        0xa objs/main.o
                0x00000000200008e0                RAMPLED
                0x00000000200008e2                timer
                0x00000000200008e4                systemevent
                0x00000000200008e6                LEDON
                0x00000000200008e7                counter
                0x00000000200008e8                irqvals
                0x00000000200008e9                pressed_button
 *fill*         0x00000000200008ea        0x2 
 COMMON         0x00000000200008ec      0x132 objs/eeprom.o
                0x00000000200008ec                eeprom_tx_buffer
                0x000000002000097c                eeprom_tx_address
                0x0000000020000980                eeprom_command_buffer
                0x0000000020000988                eeprom_rx_address
                0x000000002000098c                eeprom_rx_buffer
                0x0000000020000a1c                eeprom_nbytes
 *fill*         0x0000000020000a1e        0x2 
 COMMON         0x0000000020000a20       0x75 objs/buttons.o
                0x0000000020000a20                buttonstat
                0x0000000020000a24                ADCBuffer
                0x0000000020000a28                buttons
                0x0000000020000a94                buttonnum
 *fill*         0x0000000020000a95        0x3 
 COMMON         0x0000000020000a98       0xac objs/i2c.o
                0x0000000020000a98                Buffer_Rx2
                0x0000000020000aac                Buffer_Tx1
                0x0000000020000ac0                I2C_InitStructure1
                0x0000000020000ad0                Buffer_Tx2
                0x0000000020000ae4                I2CDMA_InitStructure
                0x0000000020000b10                Buffer_Rx1
                0x0000000020000b24                Address
                0x0000000020000b28                I2C_InitStructure2
                0x0000000020000b38                NumbOfBytes2
                0x0000000020000b3c                NumbOfBytes1
                0x0000000020000b40                I2CDirection
 COMMON         0x0000000020000b44       0x20 objs/usart.o
                0x0000000020000b44                BufferUsart2
 COMMON         0x0000000020000b64       0x21 /opt/stm32arm/bin/../lib/gcc/arm-none-eabi/6.3.1/../../../../arm-none-eabi/lib/thumb/v7-m/libg.a(lib_a-lock.o)
                0x0000000020000b64                __lock___atexit_recursive_mutex
                0x0000000020000b68                __lock___arc4random_mutex
                0x0000000020000b6c                __lock___env_recursive_mutex
                0x0000000020000b70                __lock___sinit_recursive_mutex
                0x0000000020000b74                __lock___malloc_recursive_mutex
                0x0000000020000b78                __lock___at_quick_exit_mutex
                0x0000000020000b7c                __lock___dd_hash_mutex
                0x0000000020000b80                __lock___tz_mutex
                0x0000000020000b84                __lock___sfp_recursive_mutex
 *fill*         0x0000000020000b85        0x3 
 COMMON         0x0000000020000b88        0x4 /opt/stm32arm/bin/../lib/gcc/arm-none-eabi/6.3.1/../../../../arm-none-eabi/lib/thumb/v7-m/libg.a(lib_a-reent.o)
                0x0000000020000b88                errno
                0x0000000020000b8c                . = ALIGN (0x4)
                0x0000000020000b8c                _ebss = .
                0x0000000020000b8c                PROVIDE (__HEAP_START, _end)
                [!provide]                        PROVIDE (end, _ebss)
                0x0000000020000b8c                PROVIDE (_end, _ebss)

._usrstack      0x0000000020000b8c      0x800 load address 0x00000000080047f4
                0x0000000020000b8c                . = ALIGN (0x4)
                0x0000000020000b8c                _susrstack = .
                0x000000002000138c                . = (. + _Minimum_Stack_Size)
 *fill*         0x0000000020000b8c      0x800 
                0x000000002000138c                . = ALIGN (0x4)
                0x000000002000138c                _eusrstack = .
OUTPUT(MidiRelais.elf elf32-littlearm)

.ARM.attributes
                0x0000000000000000       0x29
 .ARM.attributes
                0x0000000000000000       0x1d /opt/stm32arm/bin/../lib/gcc/arm-none-eabi/6.3.1/thumb/v7-m/crti.o
 .ARM.attributes
                0x000000000000001d       0x2d /opt/stm32arm/bin/../lib/gcc/arm-none-eabi/6.3.1/thumb/v7-m/crtbegin.o
 .ARM.attributes
                0x000000000000004a       0x33 objs/7segment.o
 .ARM.attributes
                0x000000000000007d       0x33 objs/outputs.o
 .ARM.attributes
                0x00000000000000b0       0x33 objs/midi.o
 .ARM.attributes
                0x00000000000000e3       0x33 objs/syscalls.o
 .ARM.attributes
                0x0000000000000116       0x33 objs/spi.o
 .ARM.attributes
                0x0000000000000149       0x33 objs/stm32f10x_it.o
 .ARM.attributes
                0x000000000000017c       0x33 objs/main.o
 .ARM.attributes
                0x00000000000001af       0x33 objs/system_stm32f10x.o
 .ARM.attributes
                0x00000000000001e2       0x33 objs/eeprom.o
 .ARM.attributes
                0x0000000000000215       0x33 objs/buttons.o
 .ARM.attributes
                0x0000000000000248       0x33 objs/i2c.o
 .ARM.attributes
                0x000000000000027b       0x33 objs/usart.o
 .ARM.attributes
                0x00000000000002ae       0x33 objs/core_cm3.o
 .ARM.attributes
                0x00000000000002e1       0x33 objs/stm32_eval.o
 .ARM.attributes
                0x0000000000000314       0x21 objs/startup_stm32f10x_md.o
 .ARM.attributes
                0x0000000000000335       0x33 ../../STM32F10x_StdPeriph_Driver/Release/libstm32f103.a(misc.o)
 .ARM.attributes
                0x0000000000000368       0x33 ../../STM32F10x_StdPeriph_Driver/Release/libstm32f103.a(stm32f10x_adc.o)
 .ARM.attributes
                0x000000000000039b       0x33 ../../STM32F10x_StdPeriph_Driver/Release/libstm32f103.a(stm32f10x_dma.o)
 .ARM.attributes
                0x00000000000003ce       0x33 ../../STM32F10x_StdPeriph_Driver/Release/libstm32f103.a(stm32f10x_flash.o)
 .ARM.attributes
                0x0000000000000401       0x33 ../../STM32F10x_StdPeriph_Driver/Release/libstm32f103.a(stm32f10x_gpio.o)
 .ARM.attributes
                0x0000000000000434       0x33 ../../STM32F10x_StdPeriph_Driver/Release/libstm32f103.a(stm32f10x_i2c.o)
 .ARM.attributes
                0x0000000000000467       0x33 ../../STM32F10x_StdPeriph_Driver/Release/libstm32f103.a(stm32f10x_rcc.o)
 .ARM.attributes
                0x000000000000049a       0x33 ../../STM32F10x_StdPeriph_Driver/Release/libstm32f103.a(stm32f10x_spi.o)
 .ARM.attributes
                0x00000000000004cd       0x33 ../../STM32F10x_StdPeriph_Driver/Release/libstm32f103.a(stm32f10x_tim.o)
 .ARM.attributes
                0x0000000000000500       0x33 ../../STM32F10x_StdPeriph_Driver/Release/libstm32f103.a(stm32f10x_usart.o)
 .ARM.attributes
                0x0000000000000533       0x33 ../../Embedded_GUI_Library/Release/libstm32f103.a(graphicObject.o)
 .ARM.attributes
                0x0000000000000566       0x2d /opt/stm32arm/bin/../lib/gcc/arm-none-eabi/6.3.1/../../../../arm-none-eabi/lib/thumb/v7-m/libg.a(lib_a-impure.o)
 .ARM.attributes
                0x0000000000000593       0x2d /opt/stm32arm/bin/../lib/gcc/arm-none-eabi/6.3.1/../../../../arm-none-eabi/lib/thumb/v7-m/libg.a(lib_a-init.o)
 .ARM.attributes
                0x00000000000005c0       0x2d /opt/stm32arm/bin/../lib/gcc/arm-none-eabi/6.3.1/../../../../arm-none-eabi/lib/thumb/v7-m/libg.a(lib_a-malloc.o)
 .ARM.attributes
                0x00000000000005ed       0x2d /opt/stm32arm/bin/../lib/gcc/arm-none-eabi/6.3.1/../../../../arm-none-eabi/lib/thumb/v7-m/libg.a(lib_a-mallocr.o)
 .ARM.attributes
                0x000000000000061a       0x2d /opt/stm32arm/bin/../lib/gcc/arm-none-eabi/6.3.1/../../../../arm-none-eabi/lib/thumb/v7-m/libg.a(lib_a-mlock.o)
 .ARM.attributes
                0x0000000000000647       0x2d /opt/stm32arm/bin/../lib/gcc/arm-none-eabi/6.3.1/../../../../arm-none-eabi/lib/thumb/v7-m/libg.a(lib_a-sbrkr.o)
 .ARM.attributes
                0x0000000000000674       0x2d /opt/stm32arm/bin/../lib/gcc/arm-none-eabi/6.3.1/../../../../arm-none-eabi/lib/thumb/v7-m/libg.a(lib_a-__call_atexit.o)
 .ARM.attributes
                0x00000000000006a1       0x2d /opt/stm32arm/bin/../lib/gcc/arm-none-eabi/6.3.1/../../../../arm-none-eabi/lib/thumb/v7-m/libg.a(lib_a-atexit.o)
 .ARM.attributes
                0x00000000000006ce       0x2d /opt/stm32arm/bin/../lib/gcc/arm-none-eabi/6.3.1/../../../../arm-none-eabi/lib/thumb/v7-m/libg.a(lib_a-fini.o)
 .ARM.attributes
                0x00000000000006fb       0x2d /opt/stm32arm/bin/../lib/gcc/arm-none-eabi/6.3.1/../../../../arm-none-eabi/lib/thumb/v7-m/libg.a(lib_a-freer.o)
 .ARM.attributes
                0x0000000000000728       0x2d /opt/stm32arm/bin/../lib/gcc/arm-none-eabi/6.3.1/../../../../arm-none-eabi/lib/thumb/v7-m/libg.a(lib_a-lock.o)
 .ARM.attributes
                0x0000000000000755       0x2d /opt/stm32arm/bin/../lib/gcc/arm-none-eabi/6.3.1/../../../../arm-none-eabi/lib/thumb/v7-m/libg.a(lib_a-reent.o)
 .ARM.attributes
                0x0000000000000782       0x2d /opt/stm32arm/bin/../lib/gcc/arm-none-eabi/6.3.1/../../../../arm-none-eabi/lib/thumb/v7-m/libg.a(lib_a-__atexit.o)
 .ARM.attributes
                0x00000000000007af       0x1d /opt/stm32arm/bin/../lib/gcc/arm-none-eabi/6.3.1/thumb/v7-m/crtn.o

.comment        0x0000000000000000       0xaf
 .comment       0x0000000000000000       0x7f objs/7segment.o
                                         0x80 (size before relaxing)
 .comment       0x000000000000007f       0x80 objs/outputs.o
 .comment       0x000000000000007f       0x80 objs/midi.o
 .comment       0x000000000000007f       0x80 objs/syscalls.o
 .comment       0x000000000000007f       0x80 objs/spi.o
 .comment       0x000000000000007f       0x80 objs/stm32f10x_it.o
 .comment       0x000000000000007f       0x80 objs/main.o
 .comment       0x000000000000007f       0x80 objs/system_stm32f10x.o
 .comment       0x000000000000007f       0x80 objs/eeprom.o
 .comment       0x000000000000007f       0x80 objs/buttons.o
 .comment       0x000000000000007f       0x80 objs/i2c.o
 .comment       0x000000000000007f       0x80 objs/usart.o
 .comment       0x000000000000007f       0x80 objs/core_cm3.o
 .comment       0x000000000000007f       0x80 objs/stm32_eval.o
 .comment       0x000000000000007f       0x30 ../../STM32F10x_StdPeriph_Driver/Release/libstm32f103.a(misc.o)
                                         0x31 (size before relaxing)
 .comment       0x00000000000000af       0x31 ../../STM32F10x_StdPeriph_Driver/Release/libstm32f103.a(stm32f10x_adc.o)
 .comment       0x00000000000000af       0x31 ../../STM32F10x_StdPeriph_Driver/Release/libstm32f103.a(stm32f10x_dma.o)
 .comment       0x00000000000000af       0x31 ../../STM32F10x_StdPeriph_Driver/Release/libstm32f103.a(stm32f10x_flash.o)
 .comment       0x00000000000000af       0x31 ../../STM32F10x_StdPeriph_Driver/Release/libstm32f103.a(stm32f10x_gpio.o)
 .comment       0x00000000000000af       0x31 ../../STM32F10x_StdPeriph_Driver/Release/libstm32f103.a(stm32f10x_i2c.o)
 .comment       0x00000000000000af       0x31 ../../STM32F10x_StdPeriph_Driver/Release/libstm32f103.a(stm32f10x_rcc.o)
 .comment       0x00000000000000af       0x31 ../../STM32F10x_StdPeriph_Driver/Release/libstm32f103.a(stm32f10x_spi.o)
 .comment       0x00000000000000af       0x31 ../../STM32F10x_StdPeriph_Driver/Release/libstm32f103.a(stm32f10x_tim.o)
 .comment       0x00000000000000af       0x31 ../../STM32F10x_StdPeriph_Driver/Release/libstm32f103.a(stm32f10x_usart.o)
 .comment       0x00000000000000af       0x31 ../../Embedded_GUI_Library/Release/libstm32f103.a(graphicObject.o)

.debug_info     0x0000000000000000     0xadca
 .debug_info    0x0000000000000000      0xbd1 objs/7segment.o
 .debug_info    0x0000000000000bd1      0xb01 objs/outputs.o
 .debug_info    0x00000000000016d2      0xb19 objs/midi.o
 .debug_info    0x00000000000021eb       0xea objs/syscalls.o
 .debug_info    0x00000000000022d5     0x1034 objs/spi.o
 .debug_info    0x0000000000003309      0xd70 objs/stm32f10x_it.o
 .debug_info    0x0000000000004079     0x12ba objs/main.o
 .debug_info    0x0000000000005333      0x452 objs/system_stm32f10x.o
 .debug_info    0x0000000000005785      0xe90 objs/eeprom.o
 .debug_info    0x0000000000006615     0x1027 objs/buttons.o
 .debug_info    0x000000000000763c     0x1444 objs/i2c.o
 .debug_info    0x0000000000008a80      0xf1b objs/usart.o
 .debug_info    0x000000000000999b      0x52b objs/core_cm3.o
 .debug_info    0x0000000000009ec6      0xe95 objs/stm32_eval.o
 .debug_info    0x000000000000ad5b       0x6f objs/startup_stm32f10x_md.o

.debug_abbrev   0x0000000000000000     0x1e91
 .debug_abbrev  0x0000000000000000      0x26a objs/7segment.o
 .debug_abbrev  0x000000000000026a      0x229 objs/outputs.o
 .debug_abbrev  0x0000000000000493      0x254 objs/midi.o
 .debug_abbrev  0x00000000000006e7       0x8b objs/syscalls.o
 .debug_abbrev  0x0000000000000772      0x286 objs/spi.o
 .debug_abbrev  0x00000000000009f8      0x213 objs/stm32f10x_it.o
 .debug_abbrev  0x0000000000000c0b      0x316 objs/main.o
 .debug_abbrev  0x0000000000000f21      0x199 objs/system_stm32f10x.o
 .debug_abbrev  0x00000000000010ba      0x270 objs/eeprom.o
 .debug_abbrev  0x000000000000132a      0x28d objs/buttons.o
 .debug_abbrev  0x00000000000015b7      0x33a objs/i2c.o
 .debug_abbrev  0x00000000000018f1      0x26f objs/usart.o
 .debug_abbrev  0x0000000000001b60       0xae objs/core_cm3.o
 .debug_abbrev  0x0000000000001c0e      0x271 objs/stm32_eval.o
 .debug_abbrev  0x0000000000001e7f       0x12 objs/startup_stm32f10x_md.o

.debug_aranges  0x0000000000000000      0x518
 .debug_aranges
                0x0000000000000000       0x48 objs/7segment.o
 .debug_aranges
                0x0000000000000048       0x30 objs/outputs.o
 .debug_aranges
                0x0000000000000078       0x38 objs/midi.o
 .debug_aranges
                0x00000000000000b0       0x20 objs/syscalls.o
 .debug_aranges
                0x00000000000000d0       0x30 objs/spi.o
 .debug_aranges
                0x0000000000000100       0xa0 objs/stm32f10x_it.o
 .debug_aranges
                0x00000000000001a0       0x50 objs/main.o
 .debug_aranges
                0x00000000000001f0       0x38 objs/system_stm32f10x.o
 .debug_aranges
                0x0000000000000228       0x78 objs/eeprom.o
 .debug_aranges
                0x00000000000002a0       0x38 objs/buttons.o
 .debug_aranges
                0x00000000000002d8       0x78 objs/i2c.o
 .debug_aranges
                0x0000000000000350       0x30 objs/usart.o
 .debug_aranges
                0x0000000000000380       0xc8 objs/core_cm3.o
 .debug_aranges
                0x0000000000000448       0xa8 objs/stm32_eval.o
 .debug_aranges
                0x00000000000004f0       0x28 objs/startup_stm32f10x_md.o

.debug_ranges   0x0000000000000000      0x448
 .debug_ranges  0x0000000000000000       0x38 objs/7segment.o
 .debug_ranges  0x0000000000000038       0x20 objs/outputs.o
 .debug_ranges  0x0000000000000058       0x28 objs/midi.o
 .debug_ranges  0x0000000000000080       0x10 objs/syscalls.o
 .debug_ranges  0x0000000000000090       0x20 objs/spi.o
 .debug_ranges  0x00000000000000b0       0x90 objs/stm32f10x_it.o
 .debug_ranges  0x0000000000000140       0x40 objs/main.o
 .debug_ranges  0x0000000000000180       0x28 objs/system_stm32f10x.o
 .debug_ranges  0x00000000000001a8       0x68 objs/eeprom.o
 .debug_ranges  0x0000000000000210       0x40 objs/buttons.o
 .debug_ranges  0x0000000000000250       0x68 objs/i2c.o
 .debug_ranges  0x00000000000002b8       0x20 objs/usart.o
 .debug_ranges  0x00000000000002d8       0xb8 objs/core_cm3.o
 .debug_ranges  0x0000000000000390       0x98 objs/stm32_eval.o
 .debug_ranges  0x0000000000000428       0x20 objs/startup_stm32f10x_md.o

.debug_line     0x0000000000000000     0x279c
 .debug_line    0x0000000000000000      0x2ea objs/7segment.o
 .debug_line    0x00000000000002ea      0x239 objs/outputs.o
 .debug_line    0x0000000000000523      0x248 objs/midi.o
 .debug_line    0x000000000000076b       0x78 objs/syscalls.o
 .debug_line    0x00000000000007e3      0x308 objs/spi.o
 .debug_line    0x0000000000000aeb      0x326 objs/stm32f10x_it.o
 .debug_line    0x0000000000000e11      0x338 objs/main.o
 .debug_line    0x0000000000001149      0x1e5 objs/system_stm32f10x.o
 .debug_line    0x000000000000132e      0x3a2 objs/eeprom.o
 .debug_line    0x00000000000016d0      0x376 objs/buttons.o
 .debug_line    0x0000000000001a46      0x412 objs/i2c.o
 .debug_line    0x0000000000001e58      0x276 objs/usart.o
 .debug_line    0x00000000000020ce      0x26d objs/core_cm3.o
 .debug_line    0x000000000000233b      0x3e7 objs/stm32_eval.o
 .debug_line    0x0000000000002722       0x7a objs/startup_stm32f10x_md.o

.debug_str      0x0000000000000000     0x22dd
 .debug_str     0x0000000000000000      0x769 objs/7segment.o
                                        0x808 (size before relaxing)
 .debug_str     0x0000000000000769       0x6d objs/outputs.o
                                        0x793 (size before relaxing)
 .debug_str     0x00000000000007d6       0x98 objs/midi.o
                                        0x7bd (size before relaxing)
 .debug_str     0x000000000000086e       0x3c objs/syscalls.o
                                        0x1d3 (size before relaxing)
 .debug_str     0x00000000000008aa      0x63d objs/spi.o
                                        0xd9a (size before relaxing)
 .debug_str     0x0000000000000ee7      0x3aa objs/stm32f10x_it.o
                                        0x9ae (size before relaxing)
 .debug_str     0x0000000000001291      0x35f objs/main.o
                                        0xe84 (size before relaxing)
 .debug_str     0x00000000000015f0      0x13c objs/system_stm32f10x.o
                                        0x324 (size before relaxing)
 .debug_str     0x000000000000172c      0x115 objs/eeprom.o
                                        0x956 (size before relaxing)
 .debug_str     0x0000000000001841      0x14d objs/buttons.o
                                        0xd5b (size before relaxing)
 .debug_str     0x000000000000198e      0x2b8 objs/i2c.o
                                        0xe4f (size before relaxing)
 .debug_str     0x0000000000001c46       0xd4 objs/usart.o
                                        0xc1b (size before relaxing)
 .debug_str     0x0000000000001d1a      0x16e objs/core_cm3.o
                                        0x33d (size before relaxing)
 .debug_str     0x0000000000001e88      0x455 objs/stm32_eval.o
                                        0xcbb (size before relaxing)

.debug_frame    0x0000000000000000     0x140c
 .debug_frame   0x0000000000000000       0xe4 objs/7segment.o
 .debug_frame   0x00000000000000e4       0x7c objs/outputs.o
 .debug_frame   0x0000000000000160       0x9c objs/midi.o
 .debug_frame   0x00000000000001fc       0x38 objs/syscalls.o
 .debug_frame   0x0000000000000234       0x74 objs/spi.o
 .debug_frame   0x00000000000002a8      0x1f0 objs/stm32f10x_it.o
 .debug_frame   0x0000000000000498       0xf8 objs/main.o
 .debug_frame   0x0000000000000590       0x98 objs/system_stm32f10x.o
 .debug_frame   0x0000000000000628      0x1ac objs/eeprom.o
 .debug_frame   0x00000000000007d4       0xa0 objs/buttons.o
 .debug_frame   0x0000000000000874      0x1dc objs/i2c.o
 .debug_frame   0x0000000000000a50       0x84 objs/usart.o
 .debug_frame   0x0000000000000ad4      0x320 objs/core_cm3.o
 .debug_frame   0x0000000000000df4      0x2ac objs/stm32_eval.o
 .debug_frame   0x00000000000010a0       0x2c /opt/stm32arm/bin/../lib/gcc/arm-none-eabi/6.3.1/../../../../arm-none-eabi/lib/thumb/v7-m/libg.a(lib_a-init.o)
 .debug_frame   0x00000000000010cc       0x30 /opt/stm32arm/bin/../lib/gcc/arm-none-eabi/6.3.1/../../../../arm-none-eabi/lib/thumb/v7-m/libg.a(lib_a-malloc.o)
 .debug_frame   0x00000000000010fc       0x54 /opt/stm32arm/bin/../lib/gcc/arm-none-eabi/6.3.1/../../../../arm-none-eabi/lib/thumb/v7-m/libg.a(lib_a-mallocr.o)
 .debug_frame   0x0000000000001150       0x30 /opt/stm32arm/bin/../lib/gcc/arm-none-eabi/6.3.1/../../../../arm-none-eabi/lib/thumb/v7-m/libg.a(lib_a-mlock.o)
 .debug_frame   0x0000000000001180       0x2c /opt/stm32arm/bin/../lib/gcc/arm-none-eabi/6.3.1/../../../../arm-none-eabi/lib/thumb/v7-m/libg.a(lib_a-sbrkr.o)
 .debug_frame   0x00000000000011ac       0x5c /opt/stm32arm/bin/../lib/gcc/arm-none-eabi/6.3.1/../../../../arm-none-eabi/lib/thumb/v7-m/libg.a(lib_a-__call_atexit.o)
 .debug_frame   0x0000000000001208       0x20 /opt/stm32arm/bin/../lib/gcc/arm-none-eabi/6.3.1/../../../../arm-none-eabi/lib/thumb/v7-m/libg.a(lib_a-atexit.o)
 .debug_frame   0x0000000000001228       0x34 /opt/stm32arm/bin/../lib/gcc/arm-none-eabi/6.3.1/../../../../arm-none-eabi/lib/thumb/v7-m/libg.a(lib_a-fini.o)
 .debug_frame   0x000000000000125c       0x74 /opt/stm32arm/bin/../lib/gcc/arm-none-eabi/6.3.1/../../../../arm-none-eabi/lib/thumb/v7-m/libg.a(lib_a-freer.o)
 .debug_frame   0x00000000000012d0       0xb0 /opt/stm32arm/bin/../lib/gcc/arm-none-eabi/6.3.1/../../../../arm-none-eabi/lib/thumb/v7-m/libg.a(lib_a-lock.o)
 .debug_frame   0x0000000000001380       0x58 /opt/stm32arm/bin/../lib/gcc/arm-none-eabi/6.3.1/../../../../arm-none-eabi/lib/thumb/v7-m/libg.a(lib_a-reent.o)
 .debug_frame   0x00000000000013d8       0x34 /opt/stm32arm/bin/../lib/gcc/arm-none-eabi/6.3.1/../../../../arm-none-eabi/lib/thumb/v7-m/libg.a(lib_a-__atexit.o)
