Archive member included to satisfy reference by file (symbol)

../../STM32F10x_StdPeriph_Driver/Release/libstm32f103.a(misc.o)
                              objs/main.o (NVIC_Init)
../../STM32F10x_StdPeriph_Driver/Release/libstm32f103.a(stm32f10x_exti.o)
                              objs/stm32_eval.o (EXTI_Init)
../../STM32F10x_StdPeriph_Driver/Release/libstm32f103.a(stm32f10x_flash.o)
                              objs/stm32_eval.o (FLASH_SetLatency)
../../STM32F10x_StdPeriph_Driver/Release/libstm32f103.a(stm32f10x_gpio.o)
                              objs/rotary.o (GPIO_Init)
../../STM32F10x_StdPeriph_Driver/Release/libstm32f103.a(stm32f10x_rcc.o)
                              objs/stm32_eval.o (RCC_DeInit)
../../STM32F10x_StdPeriph_Driver/Release/libstm32f103.a(stm32f10x_spi.o)
                              objs/stm32_eval_lcd.o (SPI_I2S_DeInit)
../../STM32F10x_StdPeriph_Driver/Release/libstm32f103.a(stm32f10x_tim.o)
                              objs/main.o (TIM_TimeBaseInit)
../../Embedded_GUI_HAL/Release/libstm32f103.a(JoyHal.o)
                              objs/hw_config.o (NewJoyHwParamObj)
../../Embedded_GUI_HAL/Release/libstm32f103.a(LcdHal.o)
                              objs/hw_config.o (NewLcdHwParamObj)
../../Embedded_GUI_Library/Release/libstm32f103.a(gl_fonts.o)
                              ../../Embedded_GUI_HAL/Release/libstm32f103.a(LcdHal.o) (GL_Font8x12_bold)
../../Embedded_GUI_Library/Release/libstm32f103.a(graphicObject.o)
                              objs/uiframework.o (NewLabel)
../../Embedded_GUI_Library/Release/libstm32f103.a(images.o)
                              ../../Embedded_GUI_Library/Release/libstm32f103.a(graphicObject.o) (SlidebarCursor)
../../Embedded_GUI_Library/Release/libstm32f103.a(cursor.o)
                              ../../Embedded_GUI_Library/Release/libstm32f103.a(graphicObject.o) (Cursor)
/usr/lib/gcc/arm-none-eabi/4.8/armv7-m/libgcc.a(_arm_addsubdf3.o)
                              ../../Embedded_GUI_Library/Release/libstm32f103.a(graphicObject.o) (__aeabi_dsub)
/usr/lib/gcc/arm-none-eabi/4.8/armv7-m/libgcc.a(_arm_muldivdf3.o)
                              objs/stm32_eval_lcd.o (__aeabi_dmul)
/usr/lib/gcc/arm-none-eabi/4.8/armv7-m/libgcc.a(_arm_cmpdf2.o)
                              objs/stm32_eval_lcd.o (__aeabi_dcmplt)
/usr/lib/gcc/arm-none-eabi/4.8/armv7-m/libgcc.a(_arm_fixunsdfsi.o)
                              objs/stm32_eval_lcd.o (__aeabi_d2uiz)
/usr/lib/gcc/arm-none-eabi/4.8/../../../arm-none-eabi/lib/armv7-m/libg.a(lib_a-atexit.o)
                              /usr/lib/gcc/arm-none-eabi/4.8/../../../arm-none-eabi/lib/armv7-m/crt0.o (atexit)
/usr/lib/gcc/arm-none-eabi/4.8/../../../arm-none-eabi/lib/armv7-m/libg.a(lib_a-exit.o)
                              /usr/lib/gcc/arm-none-eabi/4.8/../../../arm-none-eabi/lib/armv7-m/crt0.o (exit)
/usr/lib/gcc/arm-none-eabi/4.8/../../../arm-none-eabi/lib/armv7-m/libg.a(lib_a-fini.o)
                              /usr/lib/gcc/arm-none-eabi/4.8/../../../arm-none-eabi/lib/armv7-m/crt0.o (__libc_fini_array)
/usr/lib/gcc/arm-none-eabi/4.8/../../../arm-none-eabi/lib/armv7-m/libg.a(lib_a-impure.o)
                              /usr/lib/gcc/arm-none-eabi/4.8/../../../arm-none-eabi/lib/armv7-m/libg.a(lib_a-exit.o) (_global_impure_ptr)
/usr/lib/gcc/arm-none-eabi/4.8/../../../arm-none-eabi/lib/armv7-m/libg.a(lib_a-init.o)
                              /usr/lib/gcc/arm-none-eabi/4.8/../../../arm-none-eabi/lib/armv7-m/crt0.o (__libc_init_array)
/usr/lib/gcc/arm-none-eabi/4.8/../../../arm-none-eabi/lib/armv7-m/libg.a(lib_a-malloc.o)
                              ../../Embedded_GUI_Library/Release/libstm32f103.a(graphicObject.o) (malloc)
/usr/lib/gcc/arm-none-eabi/4.8/../../../arm-none-eabi/lib/armv7-m/libg.a(lib_a-mallocr.o)
                              /usr/lib/gcc/arm-none-eabi/4.8/../../../arm-none-eabi/lib/armv7-m/libg.a(lib_a-malloc.o) (_malloc_r)
/usr/lib/gcc/arm-none-eabi/4.8/../../../arm-none-eabi/lib/armv7-m/libg.a(lib_a-memcpy.o)
                              ../../Embedded_GUI_Library/Release/libstm32f103.a(graphicObject.o) (memcpy)
/usr/lib/gcc/arm-none-eabi/4.8/../../../arm-none-eabi/lib/armv7-m/libg.a(lib_a-memset.o)
                              /usr/lib/gcc/arm-none-eabi/4.8/../../../arm-none-eabi/lib/armv7-m/crt0.o (memset)
/usr/lib/gcc/arm-none-eabi/4.8/../../../arm-none-eabi/lib/armv7-m/libg.a(lib_a-mlock.o)
                              /usr/lib/gcc/arm-none-eabi/4.8/../../../arm-none-eabi/lib/armv7-m/libg.a(lib_a-mallocr.o) (__malloc_lock)
/usr/lib/gcc/arm-none-eabi/4.8/../../../arm-none-eabi/lib/armv7-m/libg.a(lib_a-sbrkr.o)
                              /usr/lib/gcc/arm-none-eabi/4.8/../../../arm-none-eabi/lib/armv7-m/libg.a(lib_a-mallocr.o) (_sbrk_r)
/usr/lib/gcc/arm-none-eabi/4.8/../../../arm-none-eabi/lib/armv7-m/libg.a(lib_a-sprintf.o)
                              ../../Embedded_GUI_Library/Release/libstm32f103.a(graphicObject.o) (sprintf)
[...]
Memory Configuration

Name             Origin             Length             Attributes
RAM              0x0000000020000000 0x0000000000005000 xrw
FLASH            0x0000000008000000 0x0000000000010000 xr
*default*        0x0000000000000000 0xffffffffffffffff

Linker script and memory map

LOAD /usr/lib/gcc/arm-none-eabi/4.8/armv7-m/crti.o
LOAD /usr/lib/gcc/arm-none-eabi/4.8/armv7-m/crtbegin.o
LOAD /usr/lib/gcc/arm-none-eabi/4.8/../../../arm-none-eabi/lib/armv7-m/crt0.o
LOAD /usr/lib/gcc/arm-none-eabi/4.8/../../../arm-none-eabi/lib/armv7-m/libm.a
LOAD objs/uiframework.o
LOAD objs/syscalls.o
LOAD objs/hw_config.o
LOAD objs/stm32f10x_it.o
LOAD objs/rotary.o
LOAD objs/main.o
LOAD objs/switches.o
LOAD objs/system_stm32f10x.o
LOAD objs/uiappuser.o
LOAD objs/pictures.o
LOAD objs/core_cm3.o
LOAD objs/stm32_eval_lcd.o
LOAD objs/stm32_eval.o
LOAD objs/startup_stm32f10x_md.o
LOAD ../../STM32F10x_StdPeriph_Driver/Release/libstm32f103.a
LOAD /opt/stm32arm/arm-none-eabi/lib/thumb/libm.a
LOAD ../../Embedded_GUI_HAL/Release/libstm32f103.a
LOAD ../../Embedded_GUI_Library/Release/libstm32f103.a
START GROUP
LOAD /usr/lib/gcc/arm-none-eabi/4.8/armv7-m/libgcc.a
LOAD /usr/lib/gcc/arm-none-eabi/4.8/../../../arm-none-eabi/lib/armv7-m/libg.a
LOAD /usr/lib/gcc/arm-none-eabi/4.8/../../../arm-none-eabi/lib/armv7-m/libc.a
END GROUP
LOAD /usr/lib/gcc/arm-none-eabi/4.8/armv7-m/crtend.o
LOAD /usr/lib/gcc/arm-none-eabi/4.8/armv7-m/crtn.o
                0x0000000000000800                __Stack_Size = 0x800
                0x0000000000000800                PROVIDE (_Stack_Size, __Stack_Size)
                0x0000000020004800                __Stack_Init = (_estack - __Stack_Size)
                0x0000000020004800                PROVIDE (_Stack_Init, __Stack_Init)
                0x0000000000000800                _Minimum_Stack_Size = 0x800
                0x0000000000000000                PROVIDE (Undefined_Handler, 0x0)
                0x0000000000000000                PROVIDE (SWI_Handler, 0x0)
                0x0000000000000000                PROVIDE (IRQ_Handler, 0x0)
                0x0000000000000000                PROVIDE (Prefetch_Handler, 0x0)
                0x0000000000000000                PROVIDE (Abort_Handler, 0x0)
                0x0000000000000000                PROVIDE (FIQ_Handler, 0x0)
                0x0000000000000000                PROVIDE (NMIException, 0x0)
                0x0000000000000000                PROVIDE (HardFaultException, 0x0)
                0x0000000000000000                PROVIDE (MemManageException, 0x0)
                0x0000000000000000                PROVIDE (BusFaultException, 0x0)
                0x0000000000000000                PROVIDE (UsageFaultException, 0x0)
                0x0000000000000000                PROVIDE (DebugMonitor, 0x0)
                0x0000000000000000                PROVIDE (WWDG_IRQHandler, 0x0)
                0x0000000000000000                PROVIDE (PVD_IRQHandler, 0x0)
                0x0000000000000000                PROVIDE (TAMPER_IRQHandler, 0x0)
                0x0000000000000000                PROVIDE (RTC_IRQHandler, 0x0)
                0x0000000000000000                PROVIDE (FLASH_IRQHandler, 0x0)
                0x0000000000000000                PROVIDE (RCC_IRQHandler, 0x0)
                0x0000000000000000                PROVIDE (EXTI0_IRQHandler, 0x0)
                0x0000000000000000                PROVIDE (EXTI1_IRQHandler, 0x0)
                0x0000000000000000                PROVIDE (EXTI2_IRQHandler, 0x0)
                0x0000000000000000                PROVIDE (EXTI3_IRQHandler, 0x0)
                0x0000000000000000                PROVIDE (EXTI4_IRQHandler, 0x0)
                0x0000000000000000                PROVIDE (DMAChannel1_IRQHandler, 0x0)
                0x0000000000000000                PROVIDE (DMAChannel2_IRQHandler, 0x0)
                0x0000000000000000                PROVIDE (DMAChannel3_IRQHandler, 0x0)
                0x0000000000000000                PROVIDE (DMAChannel4_IRQHandler, 0x0)
                0x0000000000000000                PROVIDE (DMAChannel5_IRQHandler, 0x0)
                0x0000000000000000                PROVIDE (DMAChannel6_IRQHandler, 0x0)
                0x0000000000000000                PROVIDE (DMAChannel7_IRQHandler, 0x0)
                0x0000000000000000                PROVIDE (ADC_IRQHandler, 0x0)
                0x0000000000000000                PROVIDE (USB_HP_CAN_TX_IRQHandler, 0x0)
                0x0000000000000000                PROVIDE (USB_LP_CAN_RX0_IRQHandler, 0x0)
                0x0000000000000000                PROVIDE (CAN_RX1_IRQHandler, 0x0)
                0x0000000000000000                PROVIDE (CAN_SCE_IRQHandler, 0x0)
                0x0000000000000000                PROVIDE (EXTI9_5_IRQHandler, 0x0)
                0x0000000000000000                PROVIDE (TIM1_BRK_IRQHandler, 0x0)
                0x0000000000000000                PROVIDE (TIM1_UP_IRQHandler, 0x0)
                0x0000000000000000                PROVIDE (TIM1_TRG_COM_IRQHandler, 0x0)
                0x0000000000000000                PROVIDE (TIM1_CC_IRQHandler, 0x0)
                0x0000000000000000                PROVIDE (TIM2_IRQHandler, 0x0)
                0x0000000000000000                PROVIDE (TIM3_IRQHandler, 0x0)
                0x0000000000000000                PROVIDE (TIM4_IRQHandler, 0x0)
                0x0000000000000000                PROVIDE (I2C1_EV_IRQHandler, 0x0)
                0x0000000000000000                PROVIDE (I2C1_ER_IRQHandler, 0x0)
                0x0000000000000000                PROVIDE (I2C2_EV_IRQHandler, 0x0)
                0x0000000000000000                PROVIDE (I2C2_ER_IRQHandler, 0x0)
                0x0000000000000000                PROVIDE (SPI1_IRQHandler, 0x0)
                0x0000000000000000                PROVIDE (SPI2_IRQHandler, 0x0)
                0x0000000000000000                PROVIDE (USART1_IRQHandler, 0x0)
                0x0000000000000000                PROVIDE (USART2_IRQHandler, 0x0)
                0x0000000000000000                PROVIDE (USART3_IRQHandler, 0x0)
                0x0000000000000000                PROVIDE (EXTI15_10_IRQHandler, 0x0)
                0x0000000000000000                PROVIDE (RTCAlarm_IRQHandler, 0x0)
                0x0000000000000000                PROVIDE (USBWakeUp_IRQHandler, 0x0)
                0x0000000042000000                PERIPH_BB_BASE = 0x42000000
                0x0000000022000000                SRAM_BB_BASE = 0x22000000
                0x0000000020000000                SRAM_BASE = 0x20000000
                0x0000000040000000                PERIPH_BASE = 0x40000000
                0x0000000040022000                PROVIDE (FLASH_BASE, 0x40022000)
                0x000000001ffff800                PROVIDE (OB_BASE, 0x1ffff800)
                0x0000000040000000                APB1PERIPH_BASE = PERIPH_BASE
                0x0000000040010000                APB2PERIPH_BASE = (PERIPH_BASE + 0x10000)
                0x0000000040020000                AHBPERIPH_BASE = (PERIPH_BASE + 0x20000)
                0x0000000040000000                PROVIDE (TIM2, (APB1PERIPH_BASE + 0x0))
                0x0000000040000400                PROVIDE (TIM3, (APB1PERIPH_BASE + 0x400))
                0x0000000040000800                PROVIDE (TIM4, (APB1PERIPH_BASE + 0x800))
                0x0000000040002800                PROVIDE (RTC, (APB1PERIPH_BASE + 0x2800))
                0x0000000040002c00                PROVIDE (WWDG, (APB1PERIPH_BASE + 0x2c00))
                0x0000000040003000                PROVIDE (IWDG, (APB1PERIPH_BASE + 0x3000))
                0x0000000040003800                PROVIDE (SPI2, (APB1PERIPH_BASE + 0x3800))
                0x0000000040004400                PROVIDE (USART2, (APB1PERIPH_BASE + 0x4400))
                0x0000000040004800                PROVIDE (USART3, (APB1PERIPH_BASE + 0x4800))
                0x0000000040005400                PROVIDE (I2C1, (APB1PERIPH_BASE + 0x5400))
                0x0000000040005800                PROVIDE (I2C2, (APB1PERIPH_BASE + 0x5800))
                0x0000000040006400                PROVIDE (CAN, (APB1PERIPH_BASE + 0x6400))
                0x0000000040006c00                PROVIDE (BKP, (APB1PERIPH_BASE + 0x6c00))
                0x0000000040007000                PROVIDE (PWR, (APB1PERIPH_BASE + 0x7000))
                0x0000000040010000                PROVIDE (AFIO, (APB2PERIPH_BASE + 0x0))
                0x0000000040010400                PROVIDE (EXTI, (APB2PERIPH_BASE + 0x400))
                0x0000000040010800                PROVIDE (GPIOA, (APB2PERIPH_BASE + 0x800))
                0x0000000040010c00                PROVIDE (GPIOB, (APB2PERIPH_BASE + 0xc00))
                0x0000000040011000                PROVIDE (GPIOC, (APB2PERIPH_BASE + 0x1000))
                0x0000000040011400                PROVIDE (GPIOD, (APB2PERIPH_BASE + 0x1400))
                0x0000000040011800                PROVIDE (GPIOE, (APB2PERIPH_BASE + 0x1800))
                0x0000000040012400                PROVIDE (ADC1, (APB2PERIPH_BASE + 0x2400))
                0x0000000040012800                PROVIDE (ADC2, (APB2PERIPH_BASE + 0x2800))
                0x0000000040012c00                PROVIDE (TIM1, (APB2PERIPH_BASE + 0x2c00))
                0x0000000040013000                PROVIDE (SPI1, (APB2PERIPH_BASE + 0x3000))
                0x0000000040013800                PROVIDE (USART1, (APB2PERIPH_BASE + 0x3800))
                0x0000000040020000                PROVIDE (DMA, (AHBPERIPH_BASE + 0x0))
                0x0000000040020008                PROVIDE (DMA_Channel1, (AHBPERIPH_BASE + 0x8))
                0x000000004002001c                PROVIDE (DMA_Channel2, (AHBPERIPH_BASE + 0x1c))
                0x0000000040020030                PROVIDE (DMA_Channel3, (AHBPERIPH_BASE + 0x30))
                0x0000000040020044                PROVIDE (DMA_Channel4, (AHBPERIPH_BASE + 0x44))
                0x0000000040020058                PROVIDE (DMA_Channel5, (AHBPERIPH_BASE + 0x58))
                0x000000004002006c                PROVIDE (DMA_Channel6, (AHBPERIPH_BASE + 0x6c))
                0x0000000040020080                PROVIDE (DMA_Channel7, (AHBPERIPH_BASE + 0x80))
                0x0000000040021000                PROVIDE (RCC, (AHBPERIPH_BASE + 0x1000))
                0x00000000e000e000                SCS_BASE = 0xe000e000
                0x00000000e000e010                PROVIDE (SysTick, (SCS_BASE + 0x10))
                0x00000000e000e100                PROVIDE (NVIC, (SCS_BASE + 0x100))
                0x00000000e000ed00                PROVIDE (SCB, (SCS_BASE + 0xd00))
                0x0000000020005000                _estack = 0x20005000

.isr_vector     0x0000000008000000      0x10c
                0x0000000008000000                . = ALIGN (0x4)
 *(.isr_vector)
 .isr_vector    0x0000000008000000      0x10c objs/startup_stm32f10x_md.o
                0x0000000008000000                g_pfnVectors
                0x000000000800010c                . = ALIGN (0x4)

.text           0x000000000800010c     0x146c
 *(.text .text.* .gnu.linkonce.t.*)
 .text          0x000000000800010c       0xac /usr/lib/gcc/arm-none-eabi/4.8/armv7-m/crtbegin.o
 .text._sbrk    0x00000000080001b8       0x40 objs/syscalls.o
                0x00000000080001b8                _sbrk
 .text.NMI_Handler
                0x00000000080001f8        0xc objs/stm32f10x_it.o
                0x00000000080001f8                NMI_Handler
 .text.HardFault_Handler
                0x0000000008000204        0x8 objs/stm32f10x_it.o
                0x0000000008000204                HardFault_Handler
 .text.MemManage_Handler
                0x000000000800020c        0x8 objs/stm32f10x_it.o
                0x000000000800020c                MemManage_Handler
 .text.BusFault_Handler
                0x0000000008000214        0x8 objs/stm32f10x_it.o
                0x0000000008000214                BusFault_Handler
 .text.UsageFault_Handler
                0x000000000800021c        0x8 objs/stm32f10x_it.o
                0x000000000800021c                UsageFault_Handler
 .text.SVC_Handler
                0x0000000008000224        0xc objs/stm32f10x_it.o
                0x0000000008000224                SVC_Handler
 .text.DebugMon_Handler
                0x0000000008000230        0xc objs/stm32f10x_it.o
                0x0000000008000230                DebugMon_Handler
 .text.PendSV_Handler
                0x000000000800023c        0xc objs/stm32f10x_it.o
                0x000000000800023c                PendSV_Handler
 .text.SysTick_Handler
                0x0000000008000248        0xc objs/stm32f10x_it.o
                0x0000000008000248                SysTick_Handler
 .text.ROTARY_Setup
                0x0000000008000254       0x64 objs/rotary.o
                0x0000000008000254                ROTARY_Setup
 .text.get_enc_delta
                0x00000000080002b8       0x98 objs/rotary.o
                0x00000000080002b8                get_enc_delta
 .text.encode_read1
                0x0000000008000350       0x30 objs/rotary.o
                0x0000000008000350                encode_read1
 .text.main     0x0000000008000380       0x58 objs/main.o
                0x0000000008000380                main
 .text.InitializeTimer
                0x00000000080003d8       0x44 objs/main.o
                0x00000000080003d8                InitializeTimer
 .text.EnableTimerInterrupt
                0x000000000800041c       0x24 objs/main.o
                0x000000000800041c                EnableTimerInterrupt
 .text.TIM2_IRQHandler
                0x0000000008000440       0x28 objs/main.o
                0x0000000008000440                TIM2_IRQHandler
 .text.SWITCH_Setup
                0x0000000008000468       0x54 objs/switches.o
                0x0000000008000468                SWITCH_Setup
 .text.SystemInit
                0x00000000080004bc       0x68 objs/system_stm32f10x.o
                0x00000000080004bc                SystemInit
 .text.SetSysClock
                0x0000000008000524        0xc objs/system_stm32f10x.o
 .text.SetSysClockTo72
                0x0000000008000530      0x100 objs/system_stm32f10x.o
 .text.NVIC_SetPriority
                0x0000000008000630       0x54 objs/stm32_eval.o
 .text.SysTick_Config
                0x0000000008000684       0x44 objs/stm32_eval.o
 .text.NVIC_Configuration
                0x00000000080006c8       0x1c objs/stm32_eval.o
                0x00000000080006c8                NVIC_Configuration
 .text.RCC_Configuration
                0x00000000080006e4       0x9c objs/stm32_eval.o
                0x00000000080006e4                RCC_Configuration
 .text.Reset_Handler
                0x0000000008000780       0x48 objs/startup_stm32f10x_md.o
                0x0000000008000780                Reset_Handler
 .text.Default_Handler
                0x00000000080007c8        0x2 objs/startup_stm32f10x_md.o
                0x00000000080007c8                EXTI2_IRQHandler
                0x00000000080007c8                TIM1_CC_IRQHandler
                0x00000000080007c8                PVD_IRQHandler
                0x00000000080007c8                EXTI3_IRQHandler
                0x00000000080007c8                EXTI0_IRQHandler
                0x00000000080007c8                I2C2_EV_IRQHandler
                0x00000000080007c8                ADC1_2_IRQHandler
                0x00000000080007c8                SPI1_IRQHandler
                0x00000000080007c8                TAMPER_IRQHandler
                0x00000000080007c8                DMA1_Channel4_IRQHandler
                0x00000000080007c8                USART3_IRQHandler
                0x00000000080007c8                RTC_IRQHandler
                0x00000000080007c8                DMA1_Channel7_IRQHandler
                0x00000000080007c8                CAN1_RX1_IRQHandler
                0x00000000080007c8                TIM4_IRQHandler
                0x00000000080007c8                I2C1_EV_IRQHandler
                0x00000000080007c8                DMA1_Channel6_IRQHandler
                0x00000000080007c8                TIM3_IRQHandler
                0x00000000080007c8                RCC_IRQHandler
                0x00000000080007c8                TIM1_TRG_COM_IRQHandler
                0x00000000080007c8                DMA1_Channel1_IRQHandler
                0x00000000080007c8                Default_Handler
                0x00000000080007c8                EXTI15_10_IRQHandler
                0x00000000080007c8                EXTI9_5_IRQHandler
                0x00000000080007c8                SPI2_IRQHandler
                0x00000000080007c8                DMA1_Channel5_IRQHandler
                0x00000000080007c8                EXTI4_IRQHandler
                0x00000000080007c8                USB_LP_CAN1_RX0_IRQHandler
                0x00000000080007c8                USB_HP_CAN1_TX_IRQHandler
                0x00000000080007c8                DMA1_Channel3_IRQHandler
                0x00000000080007c8                TIM1_UP_IRQHandler
                0x00000000080007c8                WWDG_IRQHandler
                0x00000000080007c8                TIM1_BRK_IRQHandler
                0x00000000080007c8                EXTI1_IRQHandler
                0x00000000080007c8                RTCAlarm_IRQHandler
                0x00000000080007c8                USART2_IRQHandler
                0x00000000080007c8                I2C2_ER_IRQHandler
                0x00000000080007c8                DMA1_Channel2_IRQHandler
                0x00000000080007c8                CAN1_SCE_IRQHandler
                0x00000000080007c8                FLASH_IRQHandler
                0x00000000080007c8                USART1_IRQHandler
                0x00000000080007c8                I2C1_ER_IRQHandler
                0x00000000080007c8                USBWakeUp_IRQHandler
 *fill*         0x00000000080007ca        0x2 
 .text.NVIC_Init
                0x00000000080007cc       0x68 ../../STM32F10x_StdPeriph_Driver/Release/libstm32f103.a(misc.o)
                0x00000000080007cc                NVIC_Init
 .text.NVIC_SetVectorTable
                0x0000000008000834       0x14 ../../STM32F10x_StdPeriph_Driver/Release/libstm32f103.a(misc.o)
                0x0000000008000834                NVIC_SetVectorTable
 .text.FLASH_SetLatency
                0x0000000008000848       0x14 ../../STM32F10x_StdPeriph_Driver/Release/libstm32f103.a(stm32f10x_flash.o)
                0x0000000008000848                FLASH_SetLatency
 .text.FLASH_PrefetchBufferCmd
                0x000000000800085c       0x18 ../../STM32F10x_StdPeriph_Driver/Release/libstm32f103.a(stm32f10x_flash.o)
                0x000000000800085c                FLASH_PrefetchBufferCmd
 .text.GPIO_Init
                0x0000000008000874       0xa0 ../../STM32F10x_StdPeriph_Driver/Release/libstm32f103.a(stm32f10x_gpio.o)
                0x0000000008000874                GPIO_Init
 .text.GPIO_ReadInputDataBit
                0x0000000008000914        0xc ../../STM32F10x_StdPeriph_Driver/Release/libstm32f103.a(stm32f10x_gpio.o)
                0x0000000008000914                GPIO_ReadInputDataBit
 .text.RCC_DeInit
                0x0000000008000920       0x40 ../../STM32F10x_StdPeriph_Driver/Release/libstm32f103.a(stm32f10x_rcc.o)
                0x0000000008000920                RCC_DeInit
 .text.RCC_HSEConfig
                0x0000000008000960       0x38 ../../STM32F10x_StdPeriph_Driver/Release/libstm32f103.a(stm32f10x_rcc.o)
                0x0000000008000960                RCC_HSEConfig
 .text.RCC_PLLConfig
                0x0000000008000998       0x14 ../../STM32F10x_StdPeriph_Driver/Release/libstm32f103.a(stm32f10x_rcc.o)
                0x0000000008000998                RCC_PLLConfig
 .text.RCC_PLLCmd
                0x00000000080009ac        0xc ../../STM32F10x_StdPeriph_Driver/Release/libstm32f103.a(stm32f10x_rcc.o)
                0x00000000080009ac                RCC_PLLCmd
 .text.RCC_SYSCLKConfig
                0x00000000080009b8       0x14 ../../STM32F10x_StdPeriph_Driver/Release/libstm32f103.a(stm32f10x_rcc.o)
                0x00000000080009b8                RCC_SYSCLKConfig
 .text.RCC_GetSYSCLKSource
                0x00000000080009cc       0x10 ../../STM32F10x_StdPeriph_Driver/Release/libstm32f103.a(stm32f10x_rcc.o)
                0x00000000080009cc                RCC_GetSYSCLKSource
 .text.RCC_HCLKConfig
                0x00000000080009dc       0x14 ../../STM32F10x_StdPeriph_Driver/Release/libstm32f103.a(stm32f10x_rcc.o)
                0x00000000080009dc                RCC_HCLKConfig
 .text.RCC_PCLK1Config
                0x00000000080009f0       0x14 ../../STM32F10x_StdPeriph_Driver/Release/libstm32f103.a(stm32f10x_rcc.o)
                0x00000000080009f0                RCC_PCLK1Config
 .text.RCC_PCLK2Config
                0x0000000008000a04       0x14 ../../STM32F10x_StdPeriph_Driver/Release/libstm32f103.a(stm32f10x_rcc.o)
                0x0000000008000a04                RCC_PCLK2Config
 .text.RCC_GetClocksFreq
                0x0000000008000a18       0x8c ../../STM32F10x_StdPeriph_Driver/Release/libstm32f103.a(stm32f10x_rcc.o)
                0x0000000008000a18                RCC_GetClocksFreq
 .text.RCC_APB2PeriphClockCmd
                0x0000000008000aa4       0x18 ../../STM32F10x_StdPeriph_Driver/Release/libstm32f103.a(stm32f10x_rcc.o)
                0x0000000008000aa4                RCC_APB2PeriphClockCmd
 .text.RCC_APB1PeriphClockCmd
                0x0000000008000abc       0x18 ../../STM32F10x_StdPeriph_Driver/Release/libstm32f103.a(stm32f10x_rcc.o)
                0x0000000008000abc                RCC_APB1PeriphClockCmd
 .text.RCC_GetFlagStatus
                0x0000000008000ad4       0x28 ../../STM32F10x_StdPeriph_Driver/Release/libstm32f103.a(stm32f10x_rcc.o)
                0x0000000008000ad4                RCC_GetFlagStatus
 .text.RCC_WaitForHSEStartUp
                0x0000000008000afc       0x30 ../../STM32F10x_StdPeriph_Driver/Release/libstm32f103.a(stm32f10x_rcc.o)
                0x0000000008000afc                RCC_WaitForHSEStartUp
 .text.TIM_TimeBaseInit
                0x0000000008000b2c       0x94 ../../STM32F10x_StdPeriph_Driver/Release/libstm32f103.a(stm32f10x_tim.o)
                0x0000000008000b2c                TIM_TimeBaseInit
 .text.TIM_Cmd  0x0000000008000bc0       0x18 ../../STM32F10x_StdPeriph_Driver/Release/libstm32f103.a(stm32f10x_tim.o)
                0x0000000008000bc0                TIM_Cmd
 .text.TIM_GetITStatus
                0x0000000008000bd8       0x16 ../../STM32F10x_StdPeriph_Driver/Release/libstm32f103.a(stm32f10x_tim.o)
                0x0000000008000bd8                TIM_GetITStatus
 .text.TIM_ClearITPendingBit
                0x0000000008000bee        0x8 ../../STM32F10x_StdPeriph_Driver/Release/libstm32f103.a(stm32f10x_tim.o)
                0x0000000008000bee                TIM_ClearITPendingBit
 *fill*         0x0000000008000bf6        0x2 
 .text.TimingDelay_Decrement
                0x0000000008000bf8       0x14 ../../Embedded_GUI_Library/Release/libstm32f103.a(graphicObject.o)
                0x0000000008000bf8                TimingDelay_Decrement
 .text.atexit   0x0000000008000c0c        0xc /usr/lib/gcc/arm-none-eabi/4.8/../../../arm-none-eabi/lib/armv7-m/libg.a(lib_a-atexit.o)
                0x0000000008000c0c                atexit
 .text.__libc_fini_array
                0x0000000008000c18       0x34 /usr/lib/gcc/arm-none-eabi/4.8/../../../arm-none-eabi/lib/armv7-m/libg.a(lib_a-fini.o)
                0x0000000008000c18                __libc_fini_array
 .text.__libc_init_array
                0x0000000008000c4c       0x5c /usr/lib/gcc/arm-none-eabi/4.8/../../../arm-none-eabi/lib/armv7-m/libg.a(lib_a-init.o)
                0x0000000008000c4c                __libc_init_array
 .text.malloc   0x0000000008000ca8       0x10 /usr/lib/gcc/arm-none-eabi/4.8/../../../arm-none-eabi/lib/armv7-m/libg.a(lib_a-malloc.o)
                0x0000000008000ca8                malloc
 .text._malloc_r
                0x0000000008000cb8      0x564 /usr/lib/gcc/arm-none-eabi/4.8/../../../arm-none-eabi/lib/armv7-m/libg.a(lib_a-mallocr.o)
                0x0000000008000cb8                _malloc_r
 .text.__malloc_lock
                0x000000000800121c        0x4 /usr/lib/gcc/arm-none-eabi/4.8/../../../arm-none-eabi/lib/armv7-m/libg.a(lib_a-mlock.o)
                0x000000000800121c                __malloc_lock
 .text.__malloc_unlock
                0x0000000008001220        0x4 /usr/lib/gcc/arm-none-eabi/4.8/../../../arm-none-eabi/lib/armv7-m/libg.a(lib_a-mlock.o)
                0x0000000008001220                __malloc_unlock
 .text._sbrk_r  0x0000000008001224       0x28 /usr/lib/gcc/arm-none-eabi/4.8/../../../arm-none-eabi/lib/armv7-m/libg.a(lib_a-sbrkr.o)
                0x0000000008001224                _sbrk_r
 .text.__register_exitproc
                0x000000000800124c       0xac /usr/lib/gcc/arm-none-eabi/4.8/../../../arm-none-eabi/lib/armv7-m/libg.a(lib_a-__atexit.o)
                0x000000000800124c                __register_exitproc
 .text.startup.register_fini
                0x00000000080012f8       0x18 /usr/lib/gcc/arm-none-eabi/4.8/../../../arm-none-eabi/lib/armv7-m/libg.a(lib_a-__call_atexit.o)
 .text._malloc_trim_r
                0x0000000008001310       0xa4 /usr/lib/gcc/arm-none-eabi/4.8/../../../arm-none-eabi/lib/armv7-m/libg.a(lib_a-freer.o)
                0x0000000008001310                _malloc_trim_r
 .text._free_r  0x00000000080013b4      0x198 /usr/lib/gcc/arm-none-eabi/4.8/../../../arm-none-eabi/lib/armv7-m/libg.a(lib_a-freer.o)
                0x00000000080013b4                _free_r
 *(.rodata .rodata.* .gnu.linkonce.r.*)
 .rodata.str1.4
                0x000000000800154c        0x4 /usr/lib/gcc/arm-none-eabi/4.8/../../../arm-none-eabi/lib/armv7-m/libg.a(lib_a-impure.o)
 .rodata._global_impure_ptr
                0x0000000008001550        0x4 /usr/lib/gcc/arm-none-eabi/4.8/../../../arm-none-eabi/lib/armv7-m/libg.a(lib_a-impure.o)
                0x0000000008001550                _global_impure_ptr
 *(.eh_frame_hdr)
 *(.eh_frame)
 .eh_frame      0x0000000008001554        0x0 /usr/lib/gcc/arm-none-eabi/4.8/armv7-m/crtbegin.o
 *(.gcc_except_table)
 *(.eh_frame_hdr)
 *(.eh_frame)
                0x0000000008001554                . = ALIGN (0x4)
 *(.init)
 .init          0x0000000008001554        0x4 /usr/lib/gcc/arm-none-eabi/4.8/armv7-m/crti.o
                0x0000000008001554                _init
 .init          0x0000000008001558        0x8 /usr/lib/gcc/arm-none-eabi/4.8/armv7-m/crtn.o
                0x0000000008001560                . = ALIGN (0x4)
                0x0000000008001560                __preinit_array_start = .
 *(.preinit_array)
                0x0000000008001560                __preinit_array_end = .
                0x0000000008001560                . = ALIGN (0x4)
                0x0000000008001560                __init_array_start = .
 *(SORT(.init_array.*))
 .init_array.00000
                0x0000000008001560        0x4 /usr/lib/gcc/arm-none-eabi/4.8/../../../arm-none-eabi/lib/armv7-m/libg.a(lib_a-__call_atexit.o)
 *(.init_array)
 .init_array    0x0000000008001564        0x4 /usr/lib/gcc/arm-none-eabi/4.8/armv7-m/crtbegin.o
                0x0000000008001568                __init_array_end = .
                0x0000000008001568                . = ALIGN (0x4)
 *crtbegin.o(.ctors)
 *(EXCLUDE_FILE(*crtend.o) .ctors)
 *(SORT(.ctors.*))
 *crtend.o(.ctors)
                0x0000000008001568                . = ALIGN (0x4)
 *(.fini)
 .fini          0x0000000008001568        0x4 /usr/lib/gcc/arm-none-eabi/4.8/armv7-m/crti.o
                0x0000000008001568                _fini
 .fini          0x000000000800156c        0x8 /usr/lib/gcc/arm-none-eabi/4.8/armv7-m/crtn.o
                0x0000000008001574                . = ALIGN (0x4)
                0x0000000008001574                __fini_array_start = .
 *(.fini_array)
 .fini_array    0x0000000008001574        0x4 /usr/lib/gcc/arm-none-eabi/4.8/armv7-m/crtbegin.o
 *(SORT(.fini_array.*))
                0x0000000008001578                __fini_array_end = .
 *crtbegin.o(.dtors)
 *(EXCLUDE_FILE(*crtend.o) .dtors)
 *(SORT(.dtors.*))
 *crtend.o(.dtors)
                0x0000000008001578                . = ALIGN (0x8)
                0x0000000008001578                _etext = .
                0x0000000008001578                _sidata = _etext
                0x0000000008001578                __exidx_start = .

.glue_7         0x0000000008001578        0x0
 .glue_7        0x0000000008001578        0x0 linker stubs

.glue_7t        0x0000000008001578        0x0
 .glue_7t       0x0000000008001578        0x0 linker stubs

.vfp11_veneer   0x0000000008001578        0x0
 .vfp11_veneer  0x0000000008001578        0x0 linker stubs

.v4_bx          0x0000000008001578        0x0
 .v4_bx         0x0000000008001578        0x0 linker stubs

.iplt           0x0000000008001578        0x0
 .iplt          0x0000000008001578        0x0 /usr/lib/gcc/arm-none-eabi/4.8/armv7-m/crtbegin.o

.rel.dyn        0x0000000008001578        0x0
 .rel.iplt      0x0000000008001578        0x0 /usr/lib/gcc/arm-none-eabi/4.8/armv7-m/crtbegin.o

.ARM.exidx
 *(.ARM.exidx* .gnu.linkonce.armexidx.*)
                0x0000000008001578                __exidx_end = .

.data           0x0000000020000000      0x854 load address 0x0000000008001578
                0x0000000008001578                _flash_data = LOADADDR (.data)
                0x0000000020000000                _data = .
                0x0000000020000000                _sdata = .
 *(vtable)
 *(.data .data.* .gnu.linkonce.d.*)
 .data.ADCPrescTable
                0x0000000020000000        0x4 ../../STM32F10x_StdPeriph_Driver/Release/libstm32f103.a(stm32f10x_rcc.o)
 .data.APBAHBPrescTable
                0x0000000020000004       0x10 ../../STM32F10x_StdPeriph_Driver/Release/libstm32f103.a(stm32f10x_rcc.o)
 *fill*         0x0000000020000014        0x4 
 .data.impure_data
                0x0000000020000018      0x428 /usr/lib/gcc/arm-none-eabi/4.8/../../../arm-none-eabi/lib/armv7-m/libg.a(lib_a-impure.o)
 .data._impure_ptr
                0x0000000020000440        0x4 /usr/lib/gcc/arm-none-eabi/4.8/../../../arm-none-eabi/lib/armv7-m/libg.a(lib_a-impure.o)
                0x0000000020000440                _impure_ptr
 .data.__malloc_av_
                0x0000000020000444      0x408 /usr/lib/gcc/arm-none-eabi/4.8/../../../arm-none-eabi/lib/armv7-m/libg.a(lib_a-mallocr.o)
                0x0000000020000444                __malloc_av_
 .data.__malloc_trim_threshold
                0x000000002000084c        0x4 /usr/lib/gcc/arm-none-eabi/4.8/../../../arm-none-eabi/lib/armv7-m/libg.a(lib_a-mallocr.o)
                0x000000002000084c                __malloc_trim_threshold
 .data.__malloc_sbrk_base
                0x0000000020000850        0x4 /usr/lib/gcc/arm-none-eabi/4.8/../../../arm-none-eabi/lib/armv7-m/libg.a(lib_a-mallocr.o)
                0x0000000020000850                __malloc_sbrk_base
                0x0000000020000854                _edata = .

.jcr            0x0000000020000854        0x0 load address 0x0000000008001dcc
 .jcr           0x0000000020000854        0x0 /usr/lib/gcc/arm-none-eabi/4.8/armv7-m/crtbegin.o

.tm_clone_table
                0x0000000020000854        0x0 load address 0x0000000008001dcc
 .tm_clone_table
                0x0000000020000854        0x0 /usr/lib/gcc/arm-none-eabi/4.8/armv7-m/crtbegin.o
 .tm_clone_table
                0x0000000020000854        0x0 /usr/lib/gcc/arm-none-eabi/4.8/armv7-m/crtend.o

.igot.plt       0x0000000020000854        0x0 load address 0x0000000008001dcc
 .igot.plt      0x0000000020000854        0x0 /usr/lib/gcc/arm-none-eabi/4.8/armv7-m/crtbegin.o

.bss            0x0000000020000854       0x7c load address 0x0000000008001dcc
                0x0000000020000854                _bss = .
                0x0000000020000854                _sbss = .
 *(.bss .bss.* .gnu.linkonce.b.*)
 .bss           0x0000000020000854       0x1c /usr/lib/gcc/arm-none-eabi/4.8/armv7-m/crtbegin.o
 .bss.heap.3695
                0x0000000020000870        0x4 objs/syscalls.o
 .bss.TimingDelay
                0x0000000020000874        0x4 ../../Embedded_GUI_Library/Release/libstm32f103.a(graphicObject.o)
 .bss.__malloc_max_total_mem
                0x0000000020000878        0x4 /usr/lib/gcc/arm-none-eabi/4.8/../../../arm-none-eabi/lib/armv7-m/libg.a(lib_a-mallocr.o)
                0x0000000020000878                __malloc_max_total_mem
 .bss.__malloc_max_sbrked_mem
                0x000000002000087c        0x4 /usr/lib/gcc/arm-none-eabi/4.8/../../../arm-none-eabi/lib/armv7-m/libg.a(lib_a-mallocr.o)
                0x000000002000087c                __malloc_max_sbrked_mem
 .bss.__malloc_top_pad
                0x0000000020000880        0x4 /usr/lib/gcc/arm-none-eabi/4.8/../../../arm-none-eabi/lib/armv7-m/libg.a(lib_a-mallocr.o)
                0x0000000020000880                __malloc_top_pad
 .bss.__malloc_current_mallinfo
                0x0000000020000884       0x28 /usr/lib/gcc/arm-none-eabi/4.8/../../../arm-none-eabi/lib/armv7-m/libg.a(lib_a-mallocr.o)
                0x0000000020000884                __malloc_current_mallinfo
 *(COMMON)
 COMMON         0x00000000200008ac       0x20 objs/rotary.o
                0x00000000200008ac                enc_delta
                0x00000000200008bc                lastvalue
 COMMON         0x00000000200008cc        0x4 /usr/lib/gcc/arm-none-eabi/4.8/../../../arm-none-eabi/lib/armv7-m/libg.a(lib_a-reent.o)
                0x00000000200008cc                errno
                0x00000000200008d0                . = ALIGN (0x4)
                0x00000000200008d0                _ebss = .
                0x00000000200008d0                PROVIDE (__HEAP_START, _end)
                0x00000000200008d0                PROVIDE (end, _ebss)
                0x00000000200008d0                PROVIDE (_end, _ebss)

._usrstack      0x00000000200008d0      0x800 load address 0x0000000008001dcc
                0x00000000200008d0                . = ALIGN (0x4)
                0x00000000200008d0                _susrstack = .
                0x00000000200010d0                . = (. + _Minimum_Stack_Size)
 *fill*         0x00000000200008d0      0x800 
                0x00000000200010d0                . = ALIGN (0x4)
                0x00000000200010d0                _eusrstack = .
OUTPUT(TEMPBAT.elf elf32-littlearm)

.ARM.attributes
                0x0000000000000000       0x29
 .ARM.attributes
                0x0000000000000000       0x1d /usr/lib/gcc/arm-none-eabi/4.8/armv7-m/crti.o
 .ARM.attributes
                0x000000000000001d       0x2d /usr/lib/gcc/arm-none-eabi/4.8/armv7-m/crtbegin.o
 .ARM.attributes
                0x000000000000004a       0x33 objs/syscalls.o
 .ARM.attributes
                0x000000000000007d       0x33 objs/stm32f10x_it.o
 .ARM.attributes
                0x00000000000000b0       0x33 objs/rotary.o
 .ARM.attributes
                0x00000000000000e3       0x33 objs/main.o
 .ARM.attributes
                0x0000000000000116       0x33 objs/switches.o
 .ARM.attributes
                0x0000000000000149       0x33 objs/system_stm32f10x.o
 .ARM.attributes
                0x000000000000017c       0x33 objs/stm32_eval.o
 .ARM.attributes
                0x00000000000001af       0x21 objs/startup_stm32f10x_md.o
 .ARM.attributes
                0x00000000000001d0       0x33 ../../STM32F10x_StdPeriph_Driver/Release/libstm32f103.a(misc.o)
 .ARM.attributes
                0x0000000000000203       0x33 ../../STM32F10x_StdPeriph_Driver/Release/libstm32f103.a(stm32f10x_flash.o)
 .ARM.attributes
                0x0000000000000236       0x33 ../../STM32F10x_StdPeriph_Driver/Release/libstm32f103.a(stm32f10x_gpio.o)
 .ARM.attributes
                0x0000000000000269       0x33 ../../STM32F10x_StdPeriph_Driver/Release/libstm32f103.a(stm32f10x_rcc.o)
 .ARM.attributes
                0x000000000000029c       0x33 ../../STM32F10x_StdPeriph_Driver/Release/libstm32f103.a(stm32f10x_tim.o)
 .ARM.attributes
                0x00000000000002cf       0x33 ../../Embedded_GUI_Library/Release/libstm32f103.a(graphicObject.o)
 .ARM.attributes
                0x0000000000000302       0x2d /usr/lib/gcc/arm-none-eabi/4.8/../../../arm-none-eabi/lib/armv7-m/libg.a(lib_a-atexit.o)
 .ARM.attributes
                0x000000000000032f       0x2d /usr/lib/gcc/arm-none-eabi/4.8/../../../arm-none-eabi/lib/armv7-m/libg.a(lib_a-fini.o)
 .ARM.attributes
                0x000000000000035c       0x2d /usr/lib/gcc/arm-none-eabi/4.8/../../../arm-none-eabi/lib/armv7-m/libg.a(lib_a-impure.o)
 .ARM.attributes
                0x0000000000000389       0x2d /usr/lib/gcc/arm-none-eabi/4.8/../../../arm-none-eabi/lib/armv7-m/libg.a(lib_a-init.o)
 .ARM.attributes
                0x00000000000003b6       0x2d /usr/lib/gcc/arm-none-eabi/4.8/../../../arm-none-eabi/lib/armv7-m/libg.a(lib_a-malloc.o)
 .ARM.attributes
                0x00000000000003e3       0x2d /usr/lib/gcc/arm-none-eabi/4.8/../../../arm-none-eabi/lib/armv7-m/libg.a(lib_a-mallocr.o)
 .ARM.attributes
                0x0000000000000410       0x2d /usr/lib/gcc/arm-none-eabi/4.8/../../../arm-none-eabi/lib/armv7-m/libg.a(lib_a-mlock.o)
 .ARM.attributes
                0x000000000000043d       0x2d /usr/lib/gcc/arm-none-eabi/4.8/../../../arm-none-eabi/lib/armv7-m/libg.a(lib_a-sbrkr.o)
 .ARM.attributes
                0x000000000000046a       0x2d /usr/lib/gcc/arm-none-eabi/4.8/../../../arm-none-eabi/lib/armv7-m/libg.a(lib_a-__atexit.o)
 .ARM.attributes
                0x0000000000000497       0x2d /usr/lib/gcc/arm-none-eabi/4.8/../../../arm-none-eabi/lib/armv7-m/libg.a(lib_a-__call_atexit.o)
 .ARM.attributes
                0x00000000000004c4       0x2d /usr/lib/gcc/arm-none-eabi/4.8/../../../arm-none-eabi/lib/armv7-m/libg.a(lib_a-freer.o)
 .ARM.attributes
                0x00000000000004f1       0x2d /usr/lib/gcc/arm-none-eabi/4.8/../../../arm-none-eabi/lib/armv7-m/libg.a(lib_a-reent.o)
 .ARM.attributes
                0x000000000000051e       0x2d /usr/lib/gcc/arm-none-eabi/4.8/armv7-m/crtend.o
 .ARM.attributes
                0x000000000000054b       0x1d /usr/lib/gcc/arm-none-eabi/4.8/armv7-m/crtn.o

.comment        0x0000000000000000       0x6f
 .comment       0x0000000000000000       0x20 /usr/lib/gcc/arm-none-eabi/4.8/armv7-m/crtbegin.o
                                         0x21 (size before relaxing)
 .comment       0x0000000000000020       0x21 objs/syscalls.o
 .comment       0x0000000000000020       0x21 objs/stm32f10x_it.o
 .comment       0x0000000000000020       0x21 objs/rotary.o
 .comment       0x0000000000000020       0x21 objs/main.o
 .comment       0x0000000000000020       0x21 objs/switches.o
 .comment       0x0000000000000020       0x21 objs/system_stm32f10x.o
 .comment       0x0000000000000020       0x21 objs/stm32_eval.o
 .comment       0x0000000000000020       0x30 ../../STM32F10x_StdPeriph_Driver/Release/libstm32f103.a(misc.o)
                                         0x31 (size before relaxing)
 .comment       0x0000000000000050       0x31 ../../STM32F10x_StdPeriph_Driver/Release/libstm32f103.a(stm32f10x_flash.o)
 .comment       0x0000000000000050       0x31 ../../STM32F10x_StdPeriph_Driver/Release/libstm32f103.a(stm32f10x_gpio.o)
 .comment       0x0000000000000050       0x31 ../../STM32F10x_StdPeriph_Driver/Release/libstm32f103.a(stm32f10x_rcc.o)
 .comment       0x0000000000000050       0x31 ../../STM32F10x_StdPeriph_Driver/Release/libstm32f103.a(stm32f10x_tim.o)
 .comment       0x0000000000000050       0x31 ../../Embedded_GUI_Library/Release/libstm32f103.a(graphicObject.o)
 .comment       0x0000000000000050       0x1f /usr/lib/gcc/arm-none-eabi/4.8/../../../arm-none-eabi/lib/armv7-m/libg.a(lib_a-atexit.o)
                                         0x20 (size before relaxing)
 .comment       0x000000000000006f       0x20 /usr/lib/gcc/arm-none-eabi/4.8/../../../arm-none-eabi/lib/armv7-m/libg.a(lib_a-fini.o)
 .comment       0x000000000000006f       0x20 /usr/lib/gcc/arm-none-eabi/4.8/../../../arm-none-eabi/lib/armv7-m/libg.a(lib_a-impure.o)
 .comment       0x000000000000006f       0x20 /usr/lib/gcc/arm-none-eabi/4.8/../../../arm-none-eabi/lib/armv7-m/libg.a(lib_a-init.o)
 .comment       0x000000000000006f       0x20 /usr/lib/gcc/arm-none-eabi/4.8/../../../arm-none-eabi/lib/armv7-m/libg.a(lib_a-malloc.o)
 .comment       0x000000000000006f       0x20 /usr/lib/gcc/arm-none-eabi/4.8/../../../arm-none-eabi/lib/armv7-m/libg.a(lib_a-mallocr.o)
 .comment       0x000000000000006f       0x20 /usr/lib/gcc/arm-none-eabi/4.8/../../../arm-none-eabi/lib/armv7-m/libg.a(lib_a-mlock.o)
 .comment       0x000000000000006f       0x20 /usr/lib/gcc/arm-none-eabi/4.8/../../../arm-none-eabi/lib/armv7-m/libg.a(lib_a-sbrkr.o)
 .comment       0x000000000000006f       0x20 /usr/lib/gcc/arm-none-eabi/4.8/../../../arm-none-eabi/lib/armv7-m/libg.a(lib_a-__atexit.o)
 .comment       0x000000000000006f       0x20 /usr/lib/gcc/arm-none-eabi/4.8/../../../arm-none-eabi/lib/armv7-m/libg.a(lib_a-__call_atexit.o)
 .comment       0x000000000000006f       0x20 /usr/lib/gcc/arm-none-eabi/4.8/../../../arm-none-eabi/lib/armv7-m/libg.a(lib_a-freer.o)
 .comment       0x000000000000006f       0x20 /usr/lib/gcc/arm-none-eabi/4.8/../../../arm-none-eabi/lib/armv7-m/libg.a(lib_a-reent.o)
 .comment       0x000000000000006f       0x21 /usr/lib/gcc/arm-none-eabi/4.8/armv7-m/crtend.o

.debug_info     0x0000000000000000     0x7d26
 .debug_info    0x0000000000000000       0xe3 objs/syscalls.o
 .debug_info    0x00000000000000e3      0x124 objs/stm32f10x_it.o
 .debug_info    0x0000000000000207      0x313 objs/rotary.o
 .debug_info    0x000000000000051a      0x60a objs/main.o
 .debug_info    0x0000000000000b24      0x256 objs/switches.o
 .debug_info    0x0000000000000d7a      0x438 objs/system_stm32f10x.o
 .debug_info    0x00000000000011b2      0xe48 objs/stm32_eval.o
 .debug_info    0x0000000000001ffa       0x6d objs/startup_stm32f10x_md.o
 .debug_info    0x0000000000002067      0x10a /usr/lib/gcc/arm-none-eabi/4.8/../../../arm-none-eabi/lib/armv7-m/libg.a(lib_a-atexit.o)
 .debug_info    0x0000000000002171       0xef /usr/lib/gcc/arm-none-eabi/4.8/../../../arm-none-eabi/lib/armv7-m/libg.a(lib_a-fini.o)
 .debug_info    0x0000000000002260      0x894 /usr/lib/gcc/arm-none-eabi/4.8/../../../arm-none-eabi/lib/armv7-m/libg.a(lib_a-impure.o)
 .debug_info    0x0000000000002af4      0x105 /usr/lib/gcc/arm-none-eabi/4.8/../../../arm-none-eabi/lib/armv7-m/libg.a(lib_a-init.o)
 .debug_info    0x0000000000002bf9      0x915 /usr/lib/gcc/arm-none-eabi/4.8/../../../arm-none-eabi/lib/armv7-m/libg.a(lib_a-malloc.o)
 .debug_info    0x000000000000350e      0xd7b /usr/lib/gcc/arm-none-eabi/4.8/../../../arm-none-eabi/lib/armv7-m/libg.a(lib_a-mallocr.o)
 .debug_info    0x0000000000004289      0x8b4 /usr/lib/gcc/arm-none-eabi/4.8/../../../arm-none-eabi/lib/armv7-m/libg.a(lib_a-mlock.o)
 .debug_info    0x0000000000004b3d      0x8f4 /usr/lib/gcc/arm-none-eabi/4.8/../../../arm-none-eabi/lib/armv7-m/libg.a(lib_a-sbrkr.o)
 .debug_info    0x0000000000005431      0x934 /usr/lib/gcc/arm-none-eabi/4.8/../../../arm-none-eabi/lib/armv7-m/libg.a(lib_a-__atexit.o)
 .debug_info    0x0000000000005d65      0x9aa /usr/lib/gcc/arm-none-eabi/4.8/../../../arm-none-eabi/lib/armv7-m/libg.a(lib_a-__call_atexit.o)
 .debug_info    0x000000000000670f      0xc1c /usr/lib/gcc/arm-none-eabi/4.8/../../../arm-none-eabi/lib/armv7-m/libg.a(lib_a-freer.o)
 .debug_info    0x000000000000732b      0x9fb /usr/lib/gcc/arm-none-eabi/4.8/../../../arm-none-eabi/lib/armv7-m/libg.a(lib_a-reent.o)

.debug_abbrev   0x0000000000000000     0x1e0b
 .debug_abbrev  0x0000000000000000       0x8b objs/syscalls.o
 .debug_abbrev  0x000000000000008b       0x72 objs/stm32f10x_it.o
 .debug_abbrev  0x00000000000000fd      0x166 objs/rotary.o
 .debug_abbrev  0x0000000000000263      0x169 objs/main.o
 .debug_abbrev  0x00000000000003cc      0x118 objs/switches.o
 .debug_abbrev  0x00000000000004e4      0x179 objs/system_stm32f10x.o
 .debug_abbrev  0x000000000000065d      0x253 objs/stm32_eval.o
 .debug_abbrev  0x00000000000008b0       0x12 objs/startup_stm32f10x_md.o
 .debug_abbrev  0x00000000000008c2       0xb8 /usr/lib/gcc/arm-none-eabi/4.8/../../../arm-none-eabi/lib/armv7-m/libg.a(lib_a-atexit.o)
 .debug_abbrev  0x000000000000097a       0xbd /usr/lib/gcc/arm-none-eabi/4.8/../../../arm-none-eabi/lib/armv7-m/libg.a(lib_a-fini.o)
 .debug_abbrev  0x0000000000000a37      0x180 /usr/lib/gcc/arm-none-eabi/4.8/../../../arm-none-eabi/lib/armv7-m/libg.a(lib_a-impure.o)
 .debug_abbrev  0x0000000000000bb7       0xba /usr/lib/gcc/arm-none-eabi/4.8/../../../arm-none-eabi/lib/armv7-m/libg.a(lib_a-init.o)
 .debug_abbrev  0x0000000000000c71      0x1fa /usr/lib/gcc/arm-none-eabi/4.8/../../../arm-none-eabi/lib/armv7-m/libg.a(lib_a-malloc.o)
 .debug_abbrev  0x0000000000000e6b      0x2a2 /usr/lib/gcc/arm-none-eabi/4.8/../../../arm-none-eabi/lib/armv7-m/libg.a(lib_a-mallocr.o)
 .debug_abbrev  0x000000000000110d      0x19a /usr/lib/gcc/arm-none-eabi/4.8/../../../arm-none-eabi/lib/armv7-m/libg.a(lib_a-mlock.o)
 .debug_abbrev  0x00000000000012a7      0x1fd /usr/lib/gcc/arm-none-eabi/4.8/../../../arm-none-eabi/lib/armv7-m/libg.a(lib_a-sbrkr.o)
 .debug_abbrev  0x00000000000014a4      0x20f /usr/lib/gcc/arm-none-eabi/4.8/../../../arm-none-eabi/lib/armv7-m/libg.a(lib_a-__atexit.o)
 .debug_abbrev  0x00000000000016b3      0x285 /usr/lib/gcc/arm-none-eabi/4.8/../../../arm-none-eabi/lib/armv7-m/libg.a(lib_a-__call_atexit.o)
 .debug_abbrev  0x0000000000001938      0x27b /usr/lib/gcc/arm-none-eabi/4.8/../../../arm-none-eabi/lib/armv7-m/libg.a(lib_a-freer.o)
 .debug_abbrev  0x0000000000001bb3      0x258 /usr/lib/gcc/arm-none-eabi/4.8/../../../arm-none-eabi/lib/armv7-m/libg.a(lib_a-reent.o)

.debug_aranges  0x0000000000000000      0x3b8
 .debug_aranges
                0x0000000000000000       0x20 objs/syscalls.o
 .debug_aranges
                0x0000000000000020       0x60 objs/stm32f10x_it.o
 .debug_aranges
                0x0000000000000080       0x30 objs/rotary.o
 .debug_aranges
                0x00000000000000b0       0x38 objs/main.o
 .debug_aranges
                0x00000000000000e8       0x28 objs/switches.o
 .debug_aranges
                0x0000000000000110       0x38 objs/system_stm32f10x.o
 .debug_aranges
                0x0000000000000148       0xa8 objs/stm32_eval.o
 .debug_aranges
                0x00000000000001f0       0x28 objs/startup_stm32f10x_md.o
 .debug_aranges
                0x0000000000000218       0x20 /usr/lib/gcc/arm-none-eabi/4.8/../../../arm-none-eabi/lib/armv7-m/libg.a(lib_a-atexit.o)
 .debug_aranges
                0x0000000000000238       0x20 /usr/lib/gcc/arm-none-eabi/4.8/../../../arm-none-eabi/lib/armv7-m/libg.a(lib_a-fini.o)
 .debug_aranges
                0x0000000000000258       0x18 /usr/lib/gcc/arm-none-eabi/4.8/../../../arm-none-eabi/lib/armv7-m/libg.a(lib_a-impure.o)
 .debug_aranges
                0x0000000000000270       0x20 /usr/lib/gcc/arm-none-eabi/4.8/../../../arm-none-eabi/lib/armv7-m/libg.a(lib_a-init.o)
 .debug_aranges
                0x0000000000000290       0x28 /usr/lib/gcc/arm-none-eabi/4.8/../../../arm-none-eabi/lib/armv7-m/libg.a(lib_a-malloc.o)
 .debug_aranges
                0x00000000000002b8       0x20 /usr/lib/gcc/arm-none-eabi/4.8/../../../arm-none-eabi/lib/armv7-m/libg.a(lib_a-mallocr.o)
 .debug_aranges
                0x00000000000002d8       0x28 /usr/lib/gcc/arm-none-eabi/4.8/../../../arm-none-eabi/lib/armv7-m/libg.a(lib_a-mlock.o)
 .debug_aranges
                0x0000000000000300       0x20 /usr/lib/gcc/arm-none-eabi/4.8/../../../arm-none-eabi/lib/armv7-m/libg.a(lib_a-sbrkr.o)
 .debug_aranges
                0x0000000000000320       0x20 /usr/lib/gcc/arm-none-eabi/4.8/../../../arm-none-eabi/lib/armv7-m/libg.a(lib_a-__atexit.o)
 .debug_aranges
                0x0000000000000340       0x28 /usr/lib/gcc/arm-none-eabi/4.8/../../../arm-none-eabi/lib/armv7-m/libg.a(lib_a-__call_atexit.o)
 .debug_aranges
                0x0000000000000368       0x28 /usr/lib/gcc/arm-none-eabi/4.8/../../../arm-none-eabi/lib/armv7-m/libg.a(lib_a-freer.o)
 .debug_aranges
                0x0000000000000390       0x28 /usr/lib/gcc/arm-none-eabi/4.8/../../../arm-none-eabi/lib/armv7-m/libg.a(lib_a-reent.o)

.debug_ranges   0x0000000000000000      0x2d8
 .debug_ranges  0x0000000000000000       0x10 objs/syscalls.o
 .debug_ranges  0x0000000000000010       0x50 objs/stm32f10x_it.o
 .debug_ranges  0x0000000000000060       0x20 objs/rotary.o
 .debug_ranges  0x0000000000000080       0x28 objs/main.o
 .debug_ranges  0x00000000000000a8       0x18 objs/switches.o
 .debug_ranges  0x00000000000000c0       0x28 objs/system_stm32f10x.o
 .debug_ranges  0x00000000000000e8       0x98 objs/stm32_eval.o
 .debug_ranges  0x0000000000000180       0x20 objs/startup_stm32f10x_md.o
 .debug_ranges  0x00000000000001a0       0x10 /usr/lib/gcc/arm-none-eabi/4.8/../../../arm-none-eabi/lib/armv7-m/libg.a(lib_a-atexit.o)
 .debug_ranges  0x00000000000001b0       0x10 /usr/lib/gcc/arm-none-eabi/4.8/../../../arm-none-eabi/lib/armv7-m/libg.a(lib_a-fini.o)
 .debug_ranges  0x00000000000001c0       0x10 /usr/lib/gcc/arm-none-eabi/4.8/../../../arm-none-eabi/lib/armv7-m/libg.a(lib_a-init.o)
 .debug_ranges  0x00000000000001d0       0x18 /usr/lib/gcc/arm-none-eabi/4.8/../../../arm-none-eabi/lib/armv7-m/libg.a(lib_a-malloc.o)
 .debug_ranges  0x00000000000001e8       0x38 /usr/lib/gcc/arm-none-eabi/4.8/../../../arm-none-eabi/lib/armv7-m/libg.a(lib_a-mallocr.o)
 .debug_ranges  0x0000000000000220       0x18 /usr/lib/gcc/arm-none-eabi/4.8/../../../arm-none-eabi/lib/armv7-m/libg.a(lib_a-mlock.o)
 .debug_ranges  0x0000000000000238       0x10 /usr/lib/gcc/arm-none-eabi/4.8/../../../arm-none-eabi/lib/armv7-m/libg.a(lib_a-sbrkr.o)
 .debug_ranges  0x0000000000000248       0x10 /usr/lib/gcc/arm-none-eabi/4.8/../../../arm-none-eabi/lib/armv7-m/libg.a(lib_a-__atexit.o)
 .debug_ranges  0x0000000000000258       0x38 /usr/lib/gcc/arm-none-eabi/4.8/../../../arm-none-eabi/lib/armv7-m/libg.a(lib_a-__call_atexit.o)
 .debug_ranges  0x0000000000000290       0x18 /usr/lib/gcc/arm-none-eabi/4.8/../../../arm-none-eabi/lib/armv7-m/libg.a(lib_a-freer.o)
 .debug_ranges  0x00000000000002a8       0x30 /usr/lib/gcc/arm-none-eabi/4.8/../../../arm-none-eabi/lib/armv7-m/libg.a(lib_a-reent.o)

.debug_line     0x0000000000000000     0x1cc2
 .debug_line    0x0000000000000000       0x68 objs/syscalls.o
 .debug_line    0x0000000000000068      0x10f objs/stm32f10x_it.o
 .debug_line    0x0000000000000177      0x178 objs/rotary.o
 .debug_line    0x00000000000002ef      0x1af objs/main.o
 .debug_line    0x000000000000049e      0x15f objs/switches.o
 .debug_line    0x00000000000005fd      0x19b objs/system_stm32f10x.o
 .debug_line    0x0000000000000798      0x3ab objs/stm32_eval.o
 .debug_line    0x0000000000000b43       0x7a objs/startup_stm32f10x_md.o
 .debug_line    0x0000000000000bbd       0xba /usr/lib/gcc/arm-none-eabi/4.8/../../../arm-none-eabi/lib/armv7-m/libg.a(lib_a-atexit.o)
 .debug_line    0x0000000000000c77       0x9a /usr/lib/gcc/arm-none-eabi/4.8/../../../arm-none-eabi/lib/armv7-m/libg.a(lib_a-fini.o)
 .debug_line    0x0000000000000d11       0xe8 /usr/lib/gcc/arm-none-eabi/4.8/../../../arm-none-eabi/lib/armv7-m/libg.a(lib_a-impure.o)
 .debug_line    0x0000000000000df9       0xb3 /usr/lib/gcc/arm-none-eabi/4.8/../../../arm-none-eabi/lib/armv7-m/libg.a(lib_a-init.o)
 .debug_line    0x0000000000000eac      0x15e /usr/lib/gcc/arm-none-eabi/4.8/../../../arm-none-eabi/lib/armv7-m/libg.a(lib_a-malloc.o)
 .debug_line    0x000000000000100a      0x34b /usr/lib/gcc/arm-none-eabi/4.8/../../../arm-none-eabi/lib/armv7-m/libg.a(lib_a-mallocr.o)
 .debug_line    0x0000000000001355      0x106 /usr/lib/gcc/arm-none-eabi/4.8/../../../arm-none-eabi/lib/armv7-m/libg.a(lib_a-mlock.o)
 .debug_line    0x000000000000145b      0x152 /usr/lib/gcc/arm-none-eabi/4.8/../../../arm-none-eabi/lib/armv7-m/libg.a(lib_a-sbrkr.o)
 .debug_line    0x00000000000015ad      0x186 /usr/lib/gcc/arm-none-eabi/4.8/../../../arm-none-eabi/lib/armv7-m/libg.a(lib_a-__atexit.o)
 .debug_line    0x0000000000001733      0x1c0 /usr/lib/gcc/arm-none-eabi/4.8/../../../arm-none-eabi/lib/armv7-m/libg.a(lib_a-__call_atexit.o)
 .debug_line    0x00000000000018f3      0x247 /usr/lib/gcc/arm-none-eabi/4.8/../../../arm-none-eabi/lib/armv7-m/libg.a(lib_a-freer.o)
 .debug_line    0x0000000000001b3a      0x188 /usr/lib/gcc/arm-none-eabi/4.8/../../../arm-none-eabi/lib/armv7-m/libg.a(lib_a-reent.o)

.debug_str      0x0000000000000000     0x1b2f
 .debug_str     0x0000000000000000      0x149 objs/syscalls.o
                                        0x187 (size before relaxing)
 .debug_str     0x0000000000000149       0xb3 objs/stm32f10x_it.o
                                        0x1f9 (size before relaxing)
 .debug_str     0x00000000000001fc      0x1d7 objs/rotary.o
                                        0x355 (size before relaxing)
 .debug_str     0x00000000000003d3      0x556 objs/main.o
                                        0x725 (size before relaxing)
 .debug_str     0x0000000000000929       0x38 objs/switches.o
                                        0x304 (size before relaxing)
 .debug_str     0x0000000000000961      0x14c objs/system_stm32f10x.o
                                        0x2e4 (size before relaxing)
 .debug_str     0x0000000000000aad      0x5ab objs/stm32_eval.o
                                        0xc6b (size before relaxing)
 .debug_str     0x0000000000001058      0x142 /usr/lib/gcc/arm-none-eabi/4.8/../../../arm-none-eabi/lib/armv7-m/libg.a(lib_a-atexit.o)
                                        0x1db (size before relaxing)
 .debug_str     0x000000000000119a       0xc3 /usr/lib/gcc/arm-none-eabi/4.8/../../../arm-none-eabi/lib/armv7-m/libg.a(lib_a-fini.o)
                                        0x1d3 (size before relaxing)
 .debug_str     0x000000000000125d      0x425 /usr/lib/gcc/arm-none-eabi/4.8/../../../arm-none-eabi/lib/armv7-m/libg.a(lib_a-impure.o)
                                        0x56f (size before relaxing)
 .debug_str     0x0000000000001682       0x90 /usr/lib/gcc/arm-none-eabi/4.8/../../../arm-none-eabi/lib/armv7-m/libg.a(lib_a-init.o)
                                        0x1fd (size before relaxing)
 .debug_str     0x0000000000001712       0x51 /usr/lib/gcc/arm-none-eabi/4.8/../../../arm-none-eabi/lib/armv7-m/libg.a(lib_a-malloc.o)
                                        0x583 (size before relaxing)
 .debug_str     0x0000000000001763      0x221 /usr/lib/gcc/arm-none-eabi/4.8/../../../arm-none-eabi/lib/armv7-m/libg.a(lib_a-mallocr.o)
                                        0x77e (size before relaxing)
 .debug_str     0x0000000000001984       0x42 /usr/lib/gcc/arm-none-eabi/4.8/../../../arm-none-eabi/lib/armv7-m/libg.a(lib_a-mlock.o)
                                        0x578 (size before relaxing)
 .debug_str     0x00000000000019c6       0x2c /usr/lib/gcc/arm-none-eabi/4.8/../../../arm-none-eabi/lib/armv7-m/libg.a(lib_a-sbrkr.o)
                                        0x566 (size before relaxing)
 .debug_str     0x00000000000019f2       0x30 /usr/lib/gcc/arm-none-eabi/4.8/../../../arm-none-eabi/lib/armv7-m/libg.a(lib_a-__atexit.o)
                                        0x5b7 (size before relaxing)
 .debug_str     0x0000000000001a22       0x81 /usr/lib/gcc/arm-none-eabi/4.8/../../../arm-none-eabi/lib/armv7-m/libg.a(lib_a-__call_atexit.o)
                                        0x5cf (size before relaxing)
 .debug_str     0x0000000000001aa3       0x34 /usr/lib/gcc/arm-none-eabi/4.8/../../../arm-none-eabi/lib/armv7-m/libg.a(lib_a-freer.o)
                                        0x6c8 (size before relaxing)
 .debug_str     0x0000000000001ad7       0x58 /usr/lib/gcc/arm-none-eabi/4.8/../../../arm-none-eabi/lib/armv7-m/libg.a(lib_a-reent.o)
                                        0x58e (size before relaxing)

.debug_frame    0x0000000000000000      0x760
 .debug_frame   0x0000000000000000       0x2c objs/syscalls.o
 .debug_frame   0x000000000000002c       0xec objs/stm32f10x_it.o
 .debug_frame   0x0000000000000118       0x6c objs/rotary.o
 .debug_frame   0x0000000000000184       0x8c objs/main.o
 .debug_frame   0x0000000000000210       0x50 objs/switches.o
 .debug_frame   0x0000000000000260       0x80 objs/system_stm32f10x.o
 .debug_frame   0x00000000000002e0      0x230 objs/stm32_eval.o
 .debug_frame   0x0000000000000510       0x20 /usr/lib/gcc/arm-none-eabi/4.8/../../../arm-none-eabi/lib/armv7-m/libg.a(lib_a-atexit.o)
 .debug_frame   0x0000000000000530       0x2c /usr/lib/gcc/arm-none-eabi/4.8/../../../arm-none-eabi/lib/armv7-m/libg.a(lib_a-fini.o)
 .debug_frame   0x000000000000055c       0x2c /usr/lib/gcc/arm-none-eabi/4.8/../../../arm-none-eabi/lib/armv7-m/libg.a(lib_a-init.o)
 .debug_frame   0x0000000000000588       0x30 /usr/lib/gcc/arm-none-eabi/4.8/../../../arm-none-eabi/lib/armv7-m/libg.a(lib_a-malloc.o)
 .debug_frame   0x00000000000005b8       0x38 /usr/lib/gcc/arm-none-eabi/4.8/../../../arm-none-eabi/lib/armv7-m/libg.a(lib_a-mallocr.o)
 .debug_frame   0x00000000000005f0       0x30 /usr/lib/gcc/arm-none-eabi/4.8/../../../arm-none-eabi/lib/armv7-m/libg.a(lib_a-mlock.o)
 .debug_frame   0x0000000000000620       0x2c /usr/lib/gcc/arm-none-eabi/4.8/../../../arm-none-eabi/lib/armv7-m/libg.a(lib_a-sbrkr.o)
 .debug_frame   0x000000000000064c       0x30 /usr/lib/gcc/arm-none-eabi/4.8/../../../arm-none-eabi/lib/armv7-m/libg.a(lib_a-__atexit.o)
 .debug_frame   0x000000000000067c       0x48 /usr/lib/gcc/arm-none-eabi/4.8/../../../arm-none-eabi/lib/armv7-m/libg.a(lib_a-__call_atexit.o)
 .debug_frame   0x00000000000006c4       0x54 /usr/lib/gcc/arm-none-eabi/4.8/../../../arm-none-eabi/lib/armv7-m/libg.a(lib_a-freer.o)
 .debug_frame   0x0000000000000718       0x48 /usr/lib/gcc/arm-none-eabi/4.8/../../../arm-none-eabi/lib/armv7-m/libg.a(lib_a-reent.o)

.debug_loc      0x0000000000000000     0x1719
 .debug_loc     0x0000000000000000       0x2c /usr/lib/gcc/arm-none-eabi/4.8/../../../arm-none-eabi/lib/armv7-m/libg.a(lib_a-atexit.o)
 .debug_loc     0x000000000000002c       0x5c /usr/lib/gcc/arm-none-eabi/4.8/../../../arm-none-eabi/lib/armv7-m/libg.a(lib_a-fini.o)
 .debug_loc     0x0000000000000088       0xae /usr/lib/gcc/arm-none-eabi/4.8/../../../arm-none-eabi/lib/armv7-m/libg.a(lib_a-init.o)
 .debug_loc     0x0000000000000136       0x58 /usr/lib/gcc/arm-none-eabi/4.8/../../../arm-none-eabi/lib/armv7-m/libg.a(lib_a-malloc.o)
 .debug_loc     0x000000000000018e      0xd1f /usr/lib/gcc/arm-none-eabi/4.8/../../../arm-none-eabi/lib/armv7-m/libg.a(lib_a-mallocr.o)
 .debug_loc     0x0000000000000ead       0x3f /usr/lib/gcc/arm-none-eabi/4.8/../../../arm-none-eabi/lib/armv7-m/libg.a(lib_a-sbrkr.o)
 .debug_loc     0x0000000000000eec      0x14d /usr/lib/gcc/arm-none-eabi/4.8/../../../arm-none-eabi/lib/armv7-m/libg.a(lib_a-__atexit.o)
 .debug_loc     0x0000000000001039      0x155 /usr/lib/gcc/arm-none-eabi/4.8/../../../arm-none-eabi/lib/armv7-m/libg.a(lib_a-__call_atexit.o)
 .debug_loc     0x000000000000118e      0x450 /usr/lib/gcc/arm-none-eabi/4.8/../../../arm-none-eabi/lib/armv7-m/libg.a(lib_a-freer.o)
 .debug_loc     0x00000000000015de      0x13b /usr/lib/gcc/arm-none-eabi/4.8/../../../arm-none-eabi/lib/armv7-m/libg.a(lib_a-reent.o)
